Component: ARM Compiler 5.06 (build 20) Tool: armlink [4d35a3]

==============================================================================

Section Cross References

    gpio.o(i.MX_GPIO_Init) refers to stm32l0xx_hal_gpio.o(i.HAL_GPIO_Init) for HAL_GPIO_Init
    gpio.o(i.MX_GPIO_Init) refers to stm32l0xx_hal_gpio.o(i.HAL_GPIO_WritePin) for HAL_GPIO_WritePin
    gpio.o(i.MX_GPIO_Init) refers to stm32l0xx_hal_cortex.o(i.HAL_NVIC_SetPriority) for HAL_NVIC_SetPriority
    gpio.o(i.MX_GPIO_Init) refers to stm32l0xx_hal_cortex.o(i.HAL_NVIC_EnableIRQ) for HAL_NVIC_EnableIRQ
    freertos.o(i.MX_FREERTOS_Init) refers to memcpya.o(.text) for __aeabi_memcpy4
    freertos.o(i.MX_FREERTOS_Init) refers to cmsis_os.o(i.osThreadCreate) for osThreadCreate
    freertos.o(i.MX_FREERTOS_Init) refers to cmsis_os.o(i.osMessageCreate) for osMessageCreate
    freertos.o(i.MX_FREERTOS_Init) refers to freertos.o(.constdata) for .constdata
    freertos.o(i.MX_FREERTOS_Init) refers to thread_push.o(.data) for thread_push_id
    freertos.o(i.MX_FREERTOS_Init) refers to thread_push.o(.data) for mesq_id
    freertos.o(.constdata) refers to freertos.o(.conststring) for .conststring
    freertos.o(.constdata) refers to thread_push.o(i.thread_push_entry) for thread_push_entry
    main.o(i.SystemClock_Config) refers to stm32l0xx_hal_rcc.o(i.HAL_RCC_OscConfig) for HAL_RCC_OscConfig
    main.o(i.SystemClock_Config) refers to stm32l0xx_hal_rcc.o(i.HAL_RCC_ClockConfig) for HAL_RCC_ClockConfig
    main.o(i.SystemClock_Config) refers to stm32l0xx_hal_rcc.o(i.HAL_RCC_GetHCLKFreq) for HAL_RCC_GetHCLKFreq
    main.o(i.SystemClock_Config) refers to uidiv.o(.text) for __aeabi_uidivmod
    main.o(i.SystemClock_Config) refers to stm32l0xx_hal_cortex.o(i.HAL_SYSTICK_Config) for HAL_SYSTICK_Config
    main.o(i.SystemClock_Config) refers to stm32l0xx_hal_cortex.o(i.HAL_SYSTICK_CLKSourceConfig) for HAL_SYSTICK_CLKSourceConfig
    main.o(i.SystemClock_Config) refers to stm32l0xx_hal_cortex.o(i.HAL_NVIC_SetPriority) for HAL_NVIC_SetPriority
    main.o(i.main) refers to stm32l0xx_hal.o(i.HAL_Init) for HAL_Init
    main.o(i.main) refers to main.o(i.SystemClock_Config) for SystemClock_Config
    main.o(i.main) refers to gpio.o(i.MX_GPIO_Init) for MX_GPIO_Init
    main.o(i.main) refers to tim.o(i.MX_TIM2_Init) for MX_TIM2_Init
    main.o(i.main) refers to tim.o(i.MX_TIM3_Init) for MX_TIM3_Init
    main.o(i.main) refers to tim.o(i.MX_TIM21_Init) for MX_TIM21_Init
    main.o(i.main) refers to stm32l0xx_hal_gpio.o(i.HAL_GPIO_WritePin) for HAL_GPIO_WritePin
    main.o(i.main) refers to freertos.o(i.MX_FREERTOS_Init) for MX_FREERTOS_Init
    main.o(i.main) refers to cmsis_os.o(i.osKernelStart) for osKernelStart
    stm32l0xx_it.o(i.EXTI0_1_IRQHandler) refers to stm32l0xx_hal_gpio.o(i.HAL_GPIO_EXTI_IRQHandler) for HAL_GPIO_EXTI_IRQHandler
    stm32l0xx_it.o(i.EXTI2_3_IRQHandler) refers to stm32l0xx_hal_gpio.o(i.HAL_GPIO_EXTI_IRQHandler) for HAL_GPIO_EXTI_IRQHandler
    stm32l0xx_it.o(i.EXTI4_15_IRQHandler) refers to stm32l0xx_hal_gpio.o(i.HAL_GPIO_EXTI_IRQHandler) for HAL_GPIO_EXTI_IRQHandler
    stm32l0xx_it.o(i.HAL_GPIO_EXTI_Callback) refers to stm32l0xx_hal_gpio.o(i.HAL_GPIO_TogglePin) for HAL_GPIO_TogglePin
    stm32l0xx_it.o(i.HAL_GPIO_EXTI_Callback) refers to cmsis_os.o(i.osMessagePut) for osMessagePut
    stm32l0xx_it.o(i.HAL_GPIO_EXTI_Callback) refers to stm32l0xx_it.o(.data) for .data
    stm32l0xx_it.o(i.HAL_GPIO_EXTI_Callback) refers to thread_push.o(.data) for mesq_id
    stm32l0xx_it.o(i.SysTick_Handler) refers to stm32l0xx_hal.o(i.HAL_IncTick) for HAL_IncTick
    stm32l0xx_it.o(i.SysTick_Handler) refers to cmsis_os.o(i.osSystickHandler) for osSystickHandler
    stm32l0xx_it.o(i.TIM21_IRQHandler) refers to stm32l0xx_hal_tim.o(i.HAL_TIM_IRQHandler) for HAL_TIM_IRQHandler
    stm32l0xx_it.o(i.TIM21_IRQHandler) refers to stm32l0xx_it.o(.data) for .data
    stm32l0xx_it.o(i.TIM21_IRQHandler) refers to tim.o(.bss) for htim21
    stm32l0xx_it.o(i.TIM2_IRQHandler) refers to stm32l0xx_hal_tim.o(i.HAL_TIM_IRQHandler) for HAL_TIM_IRQHandler
    stm32l0xx_it.o(i.TIM2_IRQHandler) refers to stm32l0xx_it.o(.data) for .data
    stm32l0xx_it.o(i.TIM2_IRQHandler) refers to tim.o(.bss) for htim2
    stm32l0xx_it.o(i.TIM3_IRQHandler) refers to stm32l0xx_hal_tim.o(i.HAL_TIM_IRQHandler) for HAL_TIM_IRQHandler
    stm32l0xx_it.o(i.TIM3_IRQHandler) refers to stm32l0xx_it.o(.data) for .data
    stm32l0xx_it.o(i.TIM3_IRQHandler) refers to tim.o(.bss) for htim3
    tim.o(i.HAL_TIM_MspPostInit) refers to stm32l0xx_hal_gpio.o(i.HAL_GPIO_Init) for HAL_GPIO_Init
    tim.o(i.HAL_TIM_PWM_MspDeInit) refers to stm32l0xx_hal_cortex.o(i.HAL_NVIC_DisableIRQ) for HAL_NVIC_DisableIRQ
    tim.o(i.HAL_TIM_PWM_MspInit) refers to stm32l0xx_hal_cortex.o(i.HAL_NVIC_SetPriority) for HAL_NVIC_SetPriority
    tim.o(i.HAL_TIM_PWM_MspInit) refers to stm32l0xx_hal_cortex.o(i.HAL_NVIC_EnableIRQ) for HAL_NVIC_EnableIRQ
[...]
    Removing queue.o(i.uxQueueGetQueueNumber), (4 bytes).
    Removing queue.o(i.uxQueueMessagesWaiting), (24 bytes).
    Removing queue.o(i.uxQueueMessagesWaitingFromISR), (12 bytes).
    Removing queue.o(i.uxQueueSpacesAvailable), (28 bytes).
    Removing queue.o(i.vQueueAddToRegistry), (36 bytes).
    Removing queue.o(i.vQueueDelete), (22 bytes).
    Removing queue.o(i.vQueueSetQueueNumber), (4 bytes).
    Removing queue.o(i.vQueueUnregisterQueue), (36 bytes).
    Removing queue.o(i.xQueueCreateMutex), (78 bytes).
    Removing queue.o(i.xQueueGiveFromISR), (114 bytes).
    Removing queue.o(i.xQueueIsQueueEmptyFromISR), (22 bytes).
    Removing queue.o(i.xQueueIsQueueFullFromISR), (24 bytes).
    Removing queue.o(i.xQueuePeekFromISR), (76 bytes).
    Removing queue.o(.bss), (64 bytes).
    Removing cmsis_os.o(.rev16_text), (4 bytes).
    Removing cmsis_os.o(.revsh_text), (4 bytes).
    Removing cmsis_os.o(i.makeCmsisPriority), (14 bytes).
    Removing cmsis_os.o(i.osDelay), (16 bytes).
    Removing cmsis_os.o(i.osDelayUntil), (4 bytes).
    Removing cmsis_os.o(i.osKernelRunning), (18 bytes).
    Removing cmsis_os.o(i.osKernelSysTick), (22 bytes).
    Removing cmsis_os.o(i.osMailAlloc), (14 bytes).
    Removing cmsis_os.o(i.osMailCAlloc), (24 bytes).
    Removing cmsis_os.o(i.osMailCreate), (92 bytes).
    Removing cmsis_os.o(i.osMailFree), (18 bytes).
    Removing cmsis_os.o(i.osMailGet), (140 bytes).
    Removing cmsis_os.o(i.osMailPut), (88 bytes).
    Removing cmsis_os.o(i.osMessagePeek), (78 bytes).
    Removing cmsis_os.o(i.osMutexCreate), (10 bytes).
    Removing cmsis_os.o(i.osMutexDelete), (26 bytes).
    Removing cmsis_os.o(i.osMutexRelease), (76 bytes).
    Removing cmsis_os.o(i.osMutexWait), (104 bytes).
    Removing cmsis_os.o(i.osPoolAlloc), (100 bytes).
    Removing cmsis_os.o(i.osPoolCAlloc), (20 bytes).
    Removing cmsis_os.o(i.osPoolCreate), (94 bytes).
    Removing cmsis_os.o(i.osPoolFree), (48 bytes).
    Removing cmsis_os.o(i.osRecursiveMutexCreate), (4 bytes).
    Removing cmsis_os.o(i.osRecursiveMutexRelease), (4 bytes).
    Removing cmsis_os.o(i.osRecursiveMutexWait), (4 bytes).
    Removing cmsis_os.o(i.osSemaphoreCreate), (38 bytes).
    Removing cmsis_os.o(i.osSemaphoreDelete), (26 bytes).
    Removing cmsis_os.o(i.osSemaphoreRelease), (76 bytes).
    Removing cmsis_os.o(i.osSemaphoreWait), (104 bytes).
    Removing cmsis_os.o(i.osThreadGetId), (8 bytes).
    Removing cmsis_os.o(i.osThreadGetPriority), (30 bytes).
    Removing cmsis_os.o(i.osThreadList), (4 bytes).
    Removing cmsis_os.o(i.osThreadResume), (44 bytes).
    Removing cmsis_os.o(i.osThreadResumeAll), (18 bytes).
    Removing cmsis_os.o(i.osThreadSetPriority), (22 bytes).
    Removing cmsis_os.o(i.osThreadSuspend), (10 bytes).
    Removing cmsis_os.o(i.osThreadSuspendAll), (10 bytes).
    Removing cmsis_os.o(i.osThreadTerminate), (10 bytes).
    Removing cmsis_os.o(i.osThreadYield), (10 bytes).
    Removing cmsis_os.o(i.osTimerCreate), (4 bytes).
    Removing cmsis_os.o(i.osTimerDelete), (4 bytes).
    Removing cmsis_os.o(i.osTimerStart), (4 bytes).
    Removing cmsis_os.o(i.osTimerStop), (4 bytes).
    Removing system_stm32l0xx.o(.rev16_text), (4 bytes).
    Removing system_stm32l0xx.o(.revsh_text), (4 bytes).
    Removing system_stm32l0xx.o(i.SystemCoreClockUpdate), (136 bytes).
    Removing stm32l0xx_hal_flash_ramfunc.o(.rev16_text), (4 bytes).
    Removing stm32l0xx_hal_flash_ramfunc.o(.revsh_text), (4 bytes).
    Removing stm32l0xx_hal_flash_ramfunc.o(i.FLASHRAM_SetErrorCode), (124 bytes).
    Removing stm32l0xx_hal_flash_ramfunc.o(i.FLASHRAM_WaitForLastOperation), (100 bytes).
    Removing stm32l0xx_hal_flash_ramfunc.o(i.HAL_FLASHEx_DisableRunPowerDown), (36 bytes).
    Removing stm32l0xx_hal_flash_ramfunc.o(i.HAL_FLASHEx_EnableRunPowerDown), (36 bytes).
    Removing stm32l0xx_hal_flash_ramfunc.o(i.HAL_FLASHEx_EraseParallelPage), (88 bytes).
    Removing stm32l0xx_hal_flash_ramfunc.o(i.HAL_FLASHEx_HalfPageProgram), (84 bytes).
    Removing stm32l0xx_hal_flash_ramfunc.o(i.HAL_FLASHEx_ProgramParallelHalfPage), (132 bytes).
    Removing stm32l0xx_hal_flash_ramfunc.o(i.HAL_FLASHRAM_GetError), (16 bytes).
    Removing stm32l0xx_hal_tim_ex.o(.rev16_text), (4 bytes).
    Removing stm32l0xx_hal_tim_ex.o(.revsh_text), (4 bytes).
    Removing stm32l0xx_hal_i2c_ex.o(.rev16_text), (4 bytes).
    Removing stm32l0xx_hal_i2c_ex.o(.revsh_text), (4 bytes).
    Removing stm32l0xx_hal_i2c_ex.o(i.HAL_I2CEx_ConfigAnalogFilter), (96 bytes).
    Removing stm32l0xx_hal_i2c_ex.o(i.HAL_I2CEx_ConfigDigitalFilter), (94 bytes).
    Removing stm32l0xx_hal_i2c_ex.o(i.HAL_I2CEx_DisableFastModePlus), (28 bytes).
    Removing stm32l0xx_hal_i2c_ex.o(i.HAL_I2CEx_DisableWakeUp), (88 bytes).
    Removing stm32l0xx_hal_i2c_ex.o(i.HAL_I2CEx_EnableFastModePlus), (28 bytes).
    Removing stm32l0xx_hal_i2c_ex.o(i.HAL_I2CEx_EnableWakeUp), (88 bytes).
    Removing stm32l0xx_hal_i2c.o(.rev16_text), (4 bytes).
    Removing stm32l0xx_hal_i2c.o(.revsh_text), (4 bytes).
    Removing stm32l0xx_hal_i2c.o(i.HAL_I2C_DeInit), (48 bytes).
    Removing stm32l0xx_hal_i2c.o(i.HAL_I2C_ER_IRQHandler), (110 bytes).
    Removing stm32l0xx_hal_i2c.o(i.HAL_I2C_EV_IRQHandler), (290 bytes).
    Removing stm32l0xx_hal_i2c.o(i.HAL_I2C_ErrorCallback), (2 bytes).
    Removing stm32l0xx_hal_i2c.o(i.HAL_I2C_GetError), (4 bytes).
    Removing stm32l0xx_hal_i2c.o(i.HAL_I2C_GetState), (6 bytes).
    Removing stm32l0xx_hal_i2c.o(i.HAL_I2C_Init), (164 bytes).
    Removing stm32l0xx_hal_i2c.o(i.HAL_I2C_IsDeviceReady), (284 bytes).
    Removing stm32l0xx_hal_i2c.o(i.HAL_I2C_MasterRxCpltCallback), (2 bytes).
    Removing stm32l0xx_hal_i2c.o(i.HAL_I2C_MasterTxCpltCallback), (2 bytes).
    Removing stm32l0xx_hal_i2c.o(i.HAL_I2C_Master_Receive), (236 bytes).
    Removing stm32l0xx_hal_i2c.o(i.HAL_I2C_Master_Receive_DMA), (196 bytes).
    Removing stm32l0xx_hal_i2c.o(i.HAL_I2C_Master_Receive_IT), (132 bytes).
    Removing stm32l0xx_hal_i2c.o(i.HAL_I2C_Master_Transmit), (236 bytes).
    Removing stm32l0xx_hal_i2c.o(i.HAL_I2C_Master_Transmit_DMA), (212 bytes).
    Removing stm32l0xx_hal_i2c.o(i.HAL_I2C_Master_Transmit_IT), (132 bytes).
    Removing stm32l0xx_hal_i2c.o(i.HAL_I2C_MemRxCpltCallback), (2 bytes).
    Removing stm32l0xx_hal_i2c.o(i.HAL_I2C_MemTxCpltCallback), (2 bytes).
    Removing stm32l0xx_hal_i2c.o(i.HAL_I2C_Mem_Read), (276 bytes).
    Removing stm32l0xx_hal_i2c.o(i.HAL_I2C_Mem_Read_DMA), (220 bytes).
    Removing stm32l0xx_hal_i2c.o(i.HAL_I2C_Mem_Read_IT), (160 bytes).
    Removing stm32l0xx_hal_i2c.o(i.HAL_I2C_Mem_Write), (264 bytes).
    Removing stm32l0xx_hal_i2c.o(i.HAL_I2C_Mem_Write_DMA), (220 bytes).
    Removing stm32l0xx_hal_i2c.o(i.HAL_I2C_Mem_Write_IT), (158 bytes).
    Removing stm32l0xx_hal_i2c.o(i.HAL_I2C_MspDeInit), (2 bytes).
    Removing stm32l0xx_hal_i2c.o(i.HAL_I2C_MspInit), (2 bytes).
    Removing stm32l0xx_hal_i2c.o(i.HAL_I2C_SlaveRxCpltCallback), (2 bytes).
    Removing stm32l0xx_hal_i2c.o(i.HAL_I2C_SlaveTxCpltCallback), (2 bytes).
    Removing stm32l0xx_hal_i2c.o(i.HAL_I2C_Slave_Receive), (262 bytes).
    Removing stm32l0xx_hal_i2c.o(i.HAL_I2C_Slave_Receive_DMA), (172 bytes).
    Removing stm32l0xx_hal_i2c.o(i.HAL_I2C_Slave_Receive_IT), (80 bytes).
    Removing stm32l0xx_hal_i2c.o(i.HAL_I2C_Slave_Transmit), (270 bytes).
    Removing stm32l0xx_hal_i2c.o(i.HAL_I2C_Slave_Transmit_DMA), (204 bytes).
    Removing stm32l0xx_hal_i2c.o(i.HAL_I2C_Slave_Transmit_IT), (80 bytes).
    Removing stm32l0xx_hal_i2c.o(i.I2C_DMAError), (40 bytes).
    Removing stm32l0xx_hal_i2c.o(i.I2C_DMAMasterReceiveCplt), (336 bytes).
    Removing stm32l0xx_hal_i2c.o(i.I2C_DMAMasterTransmitCplt), (320 bytes).
    Removing stm32l0xx_hal_i2c.o(i.I2C_DMAMemReceiveCplt), (336 bytes).
    Removing stm32l0xx_hal_i2c.o(i.I2C_DMAMemTransmitCplt), (320 bytes).
    Removing stm32l0xx_hal_i2c.o(i.I2C_DMASlaveReceiveCplt), (110 bytes).
    Removing stm32l0xx_hal_i2c.o(i.I2C_DMASlaveTransmitCplt), (102 bytes).
    Removing stm32l0xx_hal_i2c.o(i.I2C_IsAcknowledgeFailed), (160 bytes).
    Removing stm32l0xx_hal_i2c.o(i.I2C_MasterReceive_ISR), (292 bytes).
    Removing stm32l0xx_hal_i2c.o(i.I2C_MasterTransmit_ISR), (304 bytes).
    Removing stm32l0xx_hal_i2c.o(i.I2C_RequestMemoryRead), (100 bytes).
    Removing stm32l0xx_hal_i2c.o(i.I2C_RequestMemoryWrite), (100 bytes).
    Removing stm32l0xx_hal_i2c.o(i.I2C_SlaveReceive_ISR), (148 bytes).
    Removing stm32l0xx_hal_i2c.o(i.I2C_SlaveTransmit_ISR), (158 bytes).
    Removing stm32l0xx_hal_i2c.o(i.I2C_TransferConfig), (36 bytes).
    Removing stm32l0xx_hal_i2c.o(i.I2C_WaitOnFlagUntilTimeout), (112 bytes).
    Removing stm32l0xx_hal_i2c.o(i.I2C_WaitOnRXNEFlagUntilTimeout), (128 bytes).
    Removing stm32l0xx_hal_i2c.o(i.I2C_WaitOnSTOPFlagUntilTimeout), (80 bytes).
    Removing stm32l0xx_hal_i2c.o(i.I2C_WaitOnTXISFlagUntilTimeout), (84 bytes).
    Removing stm32l0xx_hal_tim.o(.rev16_text), (4 bytes).
    Removing stm32l0xx_hal_tim.o(.revsh_text), (4 bytes).
    Removing stm32l0xx_hal_tim.o(i.HAL_TIM_Base_DeInit), (44 bytes).
    Removing stm32l0xx_hal_tim.o(i.HAL_TIM_Base_GetState), (6 bytes).
    Removing stm32l0xx_hal_tim.o(i.HAL_TIM_Base_Init), (52 bytes).
    Removing stm32l0xx_hal_tim.o(i.HAL_TIM_Base_MspDeInit), (2 bytes).
    Removing stm32l0xx_hal_tim.o(i.HAL_TIM_Base_MspInit), (2 bytes).
    Removing stm32l0xx_hal_tim.o(i.HAL_TIM_Base_Start), (24 bytes).
    Removing stm32l0xx_hal_tim.o(i.HAL_TIM_Base_Start_DMA), (100 bytes).
    Removing stm32l0xx_hal_tim.o(i.HAL_TIM_Base_Start_IT), (22 bytes).
    Removing stm32l0xx_hal_tim.o(i.HAL_TIM_Base_Stop), (40 bytes).
    Removing stm32l0xx_hal_tim.o(i.HAL_TIM_Base_Stop_DMA), (44 bytes).
    Removing stm32l0xx_hal_tim.o(i.HAL_TIM_Base_Stop_IT), (36 bytes).
    Removing stm32l0xx_hal_tim.o(i.HAL_TIM_ConfigClockSource), (238 bytes).
    Removing stm32l0xx_hal_tim.o(i.HAL_TIM_ConfigOCrefClear), (168 bytes).
    Removing stm32l0xx_hal_tim.o(i.HAL_TIM_ConfigTI1Input), (16 bytes).
    Removing stm32l0xx_hal_tim.o(i.HAL_TIM_DMABurst_ReadStart), (240 bytes).
    Removing stm32l0xx_hal_tim.o(i.HAL_TIM_DMABurst_ReadStop), (90 bytes).
    Removing stm32l0xx_hal_tim.o(i.HAL_TIM_DMABurst_WriteStart), (240 bytes).
    Removing stm32l0xx_hal_tim.o(i.HAL_TIM_DMABurst_WriteStop), (90 bytes).
    Removing stm32l0xx_hal_tim.o(i.HAL_TIM_Encoder_DeInit), (44 bytes).
    Removing stm32l0xx_hal_tim.o(i.HAL_TIM_Encoder_GetState), (6 bytes).
    Removing stm32l0xx_hal_tim.o(i.HAL_TIM_Encoder_Init), (152 bytes).
    Removing stm32l0xx_hal_tim.o(i.HAL_TIM_Encoder_MspDeInit), (2 bytes).
    Removing stm32l0xx_hal_tim.o(i.HAL_TIM_Encoder_MspInit), (2 bytes).
    Removing stm32l0xx_hal_tim.o(i.HAL_TIM_Encoder_Start), (52 bytes).
    Removing stm32l0xx_hal_tim.o(i.HAL_TIM_Encoder_Start_DMA), (284 bytes).
    Removing stm32l0xx_hal_tim.o(i.HAL_TIM_Encoder_Start_IT), (92 bytes).
    Removing stm32l0xx_hal_tim.o(i.HAL_TIM_Encoder_Stop), (64 bytes).
    Removing stm32l0xx_hal_tim.o(i.HAL_TIM_Encoder_Stop_DMA), (112 bytes).
    Removing stm32l0xx_hal_tim.o(i.HAL_TIM_Encoder_Stop_IT), (112 bytes).
    Removing stm32l0xx_hal_tim.o(i.HAL_TIM_ErrorCallback), (2 bytes).
    Removing stm32l0xx_hal_tim.o(i.HAL_TIM_GenerateEvent), (36 bytes).
    Removing stm32l0xx_hal_tim.o(i.HAL_TIM_IC_ConfigChannel), (288 bytes).
    Removing stm32l0xx_hal_tim.o(i.HAL_TIM_IC_DeInit), (44 bytes).
    Removing stm32l0xx_hal_tim.o(i.HAL_TIM_IC_GetState), (6 bytes).
    Removing stm32l0xx_hal_tim.o(i.HAL_TIM_IC_Init), (52 bytes).
    Removing stm32l0xx_hal_tim.o(i.HAL_TIM_IC_MspDeInit), (2 bytes).
    Removing stm32l0xx_hal_tim.o(i.HAL_TIM_IC_MspInit), (2 bytes).
    Removing stm32l0xx_hal_tim.o(i.HAL_TIM_IC_Start), (26 bytes).
    Removing stm32l0xx_hal_tim.o(i.HAL_TIM_IC_Start_DMA), (212 bytes).
    Removing stm32l0xx_hal_tim.o(i.HAL_TIM_IC_Start_IT), (72 bytes).
    Removing stm32l0xx_hal_tim.o(i.HAL_TIM_IC_Stop), (40 bytes).
    Removing stm32l0xx_hal_tim.o(i.HAL_TIM_IC_Stop_DMA), (100 bytes).
    Removing stm32l0xx_hal_tim.o(i.HAL_TIM_IC_Stop_IT), (84 bytes).
    Removing stm32l0xx_hal_tim.o(i.HAL_TIM_OC_ConfigChannel), (80 bytes).
    Removing stm32l0xx_hal_tim.o(i.HAL_TIM_OC_DeInit), (44 bytes).
    Removing stm32l0xx_hal_tim.o(i.HAL_TIM_OC_GetState), (6 bytes).
    Removing stm32l0xx_hal_tim.o(i.HAL_TIM_OC_Init), (52 bytes).
    Removing stm32l0xx_hal_tim.o(i.HAL_TIM_OC_MspDeInit), (2 bytes).
    Removing stm32l0xx_hal_tim.o(i.HAL_TIM_OC_MspInit), (2 bytes).
    Removing stm32l0xx_hal_tim.o(i.HAL_TIM_OC_Start), (26 bytes).
    Removing stm32l0xx_hal_tim.o(i.HAL_TIM_OC_Start_DMA), (220 bytes).
    Removing stm32l0xx_hal_tim.o(i.HAL_TIM_OC_Start_IT), (72 bytes).
    Removing stm32l0xx_hal_tim.o(i.HAL_TIM_OC_Stop), (40 bytes).
    Removing stm32l0xx_hal_tim.o(i.HAL_TIM_OC_Stop_DMA), (100 bytes).
    Removing stm32l0xx_hal_tim.o(i.HAL_TIM_OC_Stop_IT), (84 bytes).
    Removing stm32l0xx_hal_tim.o(i.HAL_TIM_OnePulse_ConfigChannel), (202 bytes).
    Removing stm32l0xx_hal_tim.o(i.HAL_TIM_OnePulse_DeInit), (44 bytes).
    Removing stm32l0xx_hal_tim.o(i.HAL_TIM_OnePulse_GetState), (6 bytes).
    Removing stm32l0xx_hal_tim.o(i.HAL_TIM_OnePulse_Init), (72 bytes).
    Removing stm32l0xx_hal_tim.o(i.HAL_TIM_OnePulse_MspDeInit), (2 bytes).
    Removing stm32l0xx_hal_tim.o(i.HAL_TIM_OnePulse_MspInit), (2 bytes).
    Removing stm32l0xx_hal_tim.o(i.HAL_TIM_OnePulse_Start), (28 bytes).
    Removing stm32l0xx_hal_tim.o(i.HAL_TIM_OnePulse_Start_IT), (48 bytes).
    Removing stm32l0xx_hal_tim.o(i.HAL_TIM_OnePulse_Stop), (52 bytes).
    Removing stm32l0xx_hal_tim.o(i.HAL_TIM_OnePulse_Stop_IT), (72 bytes).
    Removing stm32l0xx_hal_tim.o(i.HAL_TIM_PWM_DeInit), (44 bytes).
    Removing stm32l0xx_hal_tim.o(i.HAL_TIM_PWM_GetState), (6 bytes).
    Removing stm32l0xx_hal_tim.o(i.HAL_TIM_PWM_MspDeInit), (2 bytes).
    Removing stm32l0xx_hal_tim.o(i.HAL_TIM_PWM_MspInit), (2 bytes).
    Removing stm32l0xx_hal_tim.o(i.HAL_TIM_PWM_PulseFinishedCallback), (2 bytes).
    Removing stm32l0xx_hal_tim.o(i.HAL_TIM_PWM_Start), (26 bytes).
    Removing stm32l0xx_hal_tim.o(i.HAL_TIM_PWM_Start_DMA), (220 bytes).
    Removing stm32l0xx_hal_tim.o(i.HAL_TIM_PWM_Stop), (44 bytes).
    Removing stm32l0xx_hal_tim.o(i.HAL_TIM_PWM_Stop_DMA), (100 bytes).
    Removing stm32l0xx_hal_tim.o(i.HAL_TIM_ReadCapturedValue), (70 bytes).
    Removing stm32l0xx_hal_tim.o(i.HAL_TIM_SlaveConfigSynchronization), (60 bytes).
    Removing stm32l0xx_hal_tim.o(i.HAL_TIM_SlaveConfigSynchronization_IT), (60 bytes).
    Removing stm32l0xx_hal_tim.o(i.TIM_DMACaptureCplt), (62 bytes).
    Removing stm32l0xx_hal_tim.o(i.TIM_DMADelayPulseCplt), (62 bytes).
    Removing stm32l0xx_hal_tim.o(i.TIM_DMAError), (16 bytes).
    Removing stm32l0xx_hal_tim.o(i.TIM_DMAPeriodElapsedCplt), (16 bytes).
    Removing stm32l0xx_hal_tim.o(i.TIM_DMATriggerCplt), (16 bytes).
    Removing stm32l0xx_hal_tim.o(i.TIM_ETR_SetConfig), (22 bytes).
    Removing stm32l0xx_hal_tim.o(i.TIM_ITRx_SetConfig), (16 bytes).
    Removing stm32l0xx_hal_tim.o(i.TIM_SlaveTimer_SetConfig), (122 bytes).
    Removing stm32l0xx_hal_tim.o(i.TIM_TI1_ConfigInputStage), (34 bytes).
    Removing stm32l0xx_hal_tim.o(i.TIM_TI1_SetConfig), (92 bytes).
    Removing stm32l0xx_hal_tim.o(i.TIM_TI2_ConfigInputStage), (38 bytes).
    Removing stm32l0xx_hal_tim.o(i.TIM_TI2_SetConfig), (52 bytes).
    Removing stm32l0xx_hal_rcc.o(.rev16_text), (4 bytes).
    Removing stm32l0xx_hal_rcc.o(.revsh_text), (4 bytes).
    Removing stm32l0xx_hal_rcc.o(i.HAL_RCC_CSSCallback), (2 bytes).
    Removing stm32l0xx_hal_rcc.o(i.HAL_RCC_DeInit), (2 bytes).
    Removing stm32l0xx_hal_rcc.o(i.HAL_RCC_EnableCSS), (20 bytes).
    Removing stm32l0xx_hal_rcc.o(i.HAL_RCC_GetClockConfig), (64 bytes).
    Removing stm32l0xx_hal_rcc.o(i.HAL_RCC_GetOscConfig), (192 bytes).
    Removing stm32l0xx_hal_rcc.o(i.HAL_RCC_GetPCLK1Freq), (32 bytes).
    Removing stm32l0xx_hal_rcc.o(i.HAL_RCC_GetPCLK2Freq), (32 bytes).
    Removing stm32l0xx_hal_rcc.o(i.HAL_RCC_MCOConfig), (136 bytes).
    Removing stm32l0xx_hal_rcc.o(i.HAL_RCC_NMI_IRQHandler), (24 bytes).
    Removing stm32l0xx_hal_pwr.o(.rev16_text), (4 bytes).
    Removing stm32l0xx_hal_pwr.o(.revsh_text), (4 bytes).
    Removing stm32l0xx_hal_pwr.o(i.HAL_PWR_ConfigPVD), (104 bytes).
    Removing stm32l0xx_hal_pwr.o(i.HAL_PWR_DeInit), (24 bytes).
    Removing stm32l0xx_hal_pwr.o(i.HAL_PWR_DisableBkUpAccess), (16 bytes).
    Removing stm32l0xx_hal_pwr.o(i.HAL_PWR_DisablePVD), (16 bytes).
    Removing stm32l0xx_hal_pwr.o(i.HAL_PWR_DisableSEVOnPend), (16 bytes).
    Removing stm32l0xx_hal_pwr.o(i.HAL_PWR_DisableSleepOnExit), (16 bytes).
    Removing stm32l0xx_hal_pwr.o(i.HAL_PWR_DisableWakeUpPin), (16 bytes).
    Removing stm32l0xx_hal_pwr.o(i.HAL_PWR_EnableBkUpAccess), (16 bytes).
    Removing stm32l0xx_hal_pwr.o(i.HAL_PWR_EnablePVD), (16 bytes).
    Removing stm32l0xx_hal_pwr.o(i.HAL_PWR_EnableSEVOnPend), (16 bytes).
    Removing stm32l0xx_hal_pwr.o(i.HAL_PWR_EnableSleepOnExit), (16 bytes).
    Removing stm32l0xx_hal_pwr.o(i.HAL_PWR_EnableWakeUpPin), (16 bytes).
    Removing stm32l0xx_hal_pwr.o(i.HAL_PWR_EnterSLEEPMode), (48 bytes).
    Removing stm32l0xx_hal_pwr.o(i.HAL_PWR_EnterSTANDBYMode), (32 bytes).
    Removing stm32l0xx_hal_pwr.o(i.HAL_PWR_EnterSTOPMode), (52 bytes).
    Removing stm32l0xx_hal_pwr.o(i.HAL_PWR_PVDCallback), (2 bytes).
    Removing stm32l0xx_hal_pwr.o(i.HAL_PWR_PVD_IRQHandler), (28 bytes).
    Removing stm32l0xx_hal_cortex.o(.rev16_text), (4 bytes).
    Removing stm32l0xx_hal_cortex.o(.revsh_text), (4 bytes).
    Removing stm32l0xx_hal_cortex.o(i.HAL_MPU_ConfigRegion), (80 bytes).
    Removing stm32l0xx_hal_cortex.o(i.HAL_NVIC_ClearPendingIRQ), (20 bytes).
    Removing stm32l0xx_hal_cortex.o(i.HAL_NVIC_DisableIRQ), (20 bytes).
    Removing stm32l0xx_hal_cortex.o(i.HAL_NVIC_GetPendingIRQ), (28 bytes).
    Removing stm32l0xx_hal_cortex.o(i.HAL_NVIC_GetPriority), (52 bytes).
    Removing stm32l0xx_hal_cortex.o(i.HAL_NVIC_SetPendingIRQ), (20 bytes).
    Removing stm32l0xx_hal_cortex.o(i.HAL_NVIC_SystemReset), (28 bytes).
    Removing stm32l0xx_hal_cortex.o(i.HAL_SYSTICK_Callback), (2 bytes).
    Removing stm32l0xx_hal_cortex.o(i.HAL_SYSTICK_IRQHandler), (8 bytes).
    Removing stm32l0xx_hal_dma.o(.rev16_text), (4 bytes).
    Removing stm32l0xx_hal_dma.o(.revsh_text), (4 bytes).
    Removing stm32l0xx_hal_dma.o(i.DMA_SetConfig), (30 bytes).
    Removing stm32l0xx_hal_dma.o(i.HAL_DMA_Abort), (76 bytes).
    Removing stm32l0xx_hal_dma.o(i.HAL_DMA_DeInit), (468 bytes).
    Removing stm32l0xx_hal_dma.o(i.HAL_DMA_GetError), (4 bytes).
    Removing stm32l0xx_hal_dma.o(i.HAL_DMA_GetState), (6 bytes).
    Removing stm32l0xx_hal_dma.o(i.HAL_DMA_IRQHandler), (640 bytes).
    Removing stm32l0xx_hal_dma.o(i.HAL_DMA_Init), (264 bytes).
    Removing stm32l0xx_hal_dma.o(i.HAL_DMA_PollForTransfer), (616 bytes).
    Removing stm32l0xx_hal_dma.o(i.HAL_DMA_Start), (50 bytes).
    Removing stm32l0xx_hal_dma.o(i.HAL_DMA_Start_IT), (78 bytes).
    Removing stm32l0xx_hal_pwr_ex.o(.rev16_text), (4 bytes).
    Removing stm32l0xx_hal_pwr_ex.o(.revsh_text), (4 bytes).
    Removing stm32l0xx_hal_pwr_ex.o(i.HAL_PWREx_DisableFastWakeUp), (16 bytes).
    Removing stm32l0xx_hal_pwr_ex.o(i.HAL_PWREx_DisableLowPowerRunMode), (76 bytes).
    Removing stm32l0xx_hal_pwr_ex.o(i.HAL_PWREx_DisableUltraLowPower), (16 bytes).
    Removing stm32l0xx_hal_pwr_ex.o(i.HAL_PWREx_EnableFastWakeUp), (16 bytes).
    Removing stm32l0xx_hal_pwr_ex.o(i.HAL_PWREx_EnableLowPowerRunMode), (24 bytes).
    Removing stm32l0xx_hal_pwr_ex.o(i.HAL_PWREx_EnableUltraLowPower), (16 bytes).
    Removing stm32l0xx_hal.o(.rev16_text), (4 bytes).
    Removing stm32l0xx_hal.o(.revsh_text), (4 bytes).
    Removing stm32l0xx_hal.o(i.HAL_DBGMCU_DBG_DisableLowPowerConfig), (16 bytes).
    Removing stm32l0xx_hal.o(i.HAL_DBGMCU_DBG_EnableLowPowerConfig), (16 bytes).
    Removing stm32l0xx_hal.o(i.HAL_DBGMCU_DisableDBGSleepMode), (16 bytes).
    Removing stm32l0xx_hal.o(i.HAL_DBGMCU_DisableDBGStandbyMode), (16 bytes).
    Removing stm32l0xx_hal.o(i.HAL_DBGMCU_DisableDBGStopMode), (16 bytes).
    Removing stm32l0xx_hal.o(i.HAL_DBGMCU_EnableDBGSleepMode), (16 bytes).
    Removing stm32l0xx_hal.o(i.HAL_DBGMCU_EnableDBGStandbyMode), (16 bytes).
    Removing stm32l0xx_hal.o(i.HAL_DBGMCU_EnableDBGStopMode), (16 bytes).
    Removing stm32l0xx_hal.o(i.HAL_DeInit), (40 bytes).
    Removing stm32l0xx_hal.o(i.HAL_Delay), (22 bytes).
    Removing stm32l0xx_hal.o(i.HAL_GetDEVID), (16 bytes).
    Removing stm32l0xx_hal.o(i.HAL_GetHalVersion), (8 bytes).
    Removing stm32l0xx_hal.o(i.HAL_GetREVID), (12 bytes).
    Removing stm32l0xx_hal.o(i.HAL_MspDeInit), (2 bytes).
    Removing stm32l0xx_hal.o(i.HAL_MspInit), (2 bytes).
    Removing stm32l0xx_hal.o(i.HAL_ResumeTick), (16 bytes).
    Removing stm32l0xx_hal.o(i.HAL_SYSCFG_DisableVREFINT), (16 bytes).
    Removing stm32l0xx_hal.o(i.HAL_SYSCFG_Disable_Lock_VREFINT), (16 bytes).
    Removing stm32l0xx_hal.o(i.HAL_SYSCFG_EnableVREFINT), (16 bytes).
    Removing stm32l0xx_hal.o(i.HAL_SYSCFG_Enable_Lock_VREFINT), (16 bytes).
    Removing stm32l0xx_hal.o(i.HAL_SYSCFG_GetBootMode), (16 bytes).
    Removing stm32l0xx_hal.o(i.HAL_SYSCFG_VREFINT_OutputSelect), (24 bytes).
    Removing stm32l0xx_hal.o(i.HAL_SuspendTick), (16 bytes).
    Removing stm32l0xx_hal_rcc_ex.o(.rev16_text), (4 bytes).
    Removing stm32l0xx_hal_rcc_ex.o(.revsh_text), (4 bytes).
    Removing stm32l0xx_hal_rcc_ex.o(i.HAL_RCCEx_CRSConfig), (124 bytes).
    Removing stm32l0xx_hal_rcc_ex.o(i.HAL_RCCEx_CRSGetSynchronizationInfo), (40 bytes).
    Removing stm32l0xx_hal_rcc_ex.o(i.HAL_RCCEx_CRSSoftwareSynchronizationGenerate), (16 bytes).
    Removing stm32l0xx_hal_rcc_ex.o(i.HAL_RCCEx_CRSWaitSynchronization), (136 bytes).
    Removing stm32l0xx_hal_rcc_ex.o(i.HAL_RCCEx_DisableHSI48_VREFINT), (20 bytes).
    Removing stm32l0xx_hal_rcc_ex.o(i.HAL_RCCEx_DisableLSECSS), (32 bytes).
    Removing stm32l0xx_hal_rcc_ex.o(i.HAL_RCCEx_EnableHSI48_VREFINT), (20 bytes).
    Removing stm32l0xx_hal_rcc_ex.o(i.HAL_RCCEx_EnableLSECSS), (20 bytes).
    Removing stm32l0xx_hal_rcc_ex.o(i.HAL_RCCEx_EnableLSECSS_IT), (52 bytes).
    Removing stm32l0xx_hal_rcc_ex.o(i.HAL_RCCEx_GetPeriphCLKConfig), (84 bytes).
    Removing stm32l0xx_hal_rcc_ex.o(i.HAL_RCCEx_GetPeriphCLKFreq), (448 bytes).
    Removing stm32l0xx_hal_rcc_ex.o(i.HAL_RCCEx_LSECSS_Callback), (2 bytes).
    Removing stm32l0xx_hal_rcc_ex.o(i.HAL_RCCEx_LSECSS_IRQHandler), (24 bytes).
    Removing stm32l0xx_hal_rcc_ex.o(i.HAL_RCCEx_PeriphCLKConfig), (404 bytes).
    Removing stm32l0xx_hal_rcc_ex.o(i.HAL_RCC_DeInit), (56 bytes).
    Removing stm32l0xx_hal_flash.o(.rev16_text), (4 bytes).
    Removing stm32l0xx_hal_flash.o(.revsh_text), (4 bytes).
    Removing stm32l0xx_hal_flash.o(i.FLASH_ErasePage), (40 bytes).
    Removing stm32l0xx_hal_flash.o(i.FLASH_SetErrorCode), (120 bytes).
    Removing stm32l0xx_hal_flash.o(i.FLASH_WaitForLastOperation), (128 bytes).
    Removing stm32l0xx_hal_flash.o(i.HAL_FLASH_EndOfOperationCallback), (2 bytes).
    Removing stm32l0xx_hal_flash.o(i.HAL_FLASH_GetError), (12 bytes).
    Removing stm32l0xx_hal_flash.o(i.HAL_FLASH_IRQHandler), (204 bytes).
    Removing stm32l0xx_hal_flash.o(i.HAL_FLASH_Lock), (20 bytes).
    Removing stm32l0xx_hal_flash.o(i.HAL_FLASH_OB_Launch), (40 bytes).
    Removing stm32l0xx_hal_flash.o(i.HAL_FLASH_OB_Lock), (20 bytes).
    Removing stm32l0xx_hal_flash.o(i.HAL_FLASH_OB_Unlock), (60 bytes).
    Removing stm32l0xx_hal_flash.o(i.HAL_FLASH_OperationErrorCallback), (2 bytes).
    Removing stm32l0xx_hal_flash.o(i.HAL_FLASH_Program), (60 bytes).
    Removing stm32l0xx_hal_flash.o(i.HAL_FLASH_Program_IT), (88 bytes).
    Removing stm32l0xx_hal_flash.o(i.HAL_FLASH_Unlock), (60 bytes).
    Removing stm32l0xx_hal_flash.o(.bss), (24 bytes).
    Removing stm32l0xx_hal_flash_ex.o(.rev16_text), (4 bytes).
    Removing stm32l0xx_hal_flash_ex.o(.revsh_text), (4 bytes).
    Removing stm32l0xx_hal_flash_ex.o(i.FLASH_OB_PCROPSelectionConfig), (56 bytes).
    Removing stm32l0xx_hal_flash_ex.o(i.FLASH_OB_ProtectedSectorsConfig), (144 bytes).
    Removing stm32l0xx_hal_flash_ex.o(i.HAL_FLASHEx_AdvOBGetConfig), (40 bytes).
    Removing stm32l0xx_hal_flash_ex.o(i.HAL_FLASHEx_AdvOBProgram), (92 bytes).
    Removing stm32l0xx_hal_flash_ex.o(i.HAL_FLASHEx_DATAEEPROM_DisableFixedTimeProgram), (16 bytes).
    Removing stm32l0xx_hal_flash_ex.o(i.HAL_FLASHEx_DATAEEPROM_EnableFixedTimeProgram), (16 bytes).
    Removing stm32l0xx_hal_flash_ex.o(i.HAL_FLASHEx_DATAEEPROM_Erase), (40 bytes).
    Removing stm32l0xx_hal_flash_ex.o(i.HAL_FLASHEx_DATAEEPROM_Lock), (20 bytes).
    Removing stm32l0xx_hal_flash_ex.o(i.HAL_FLASHEx_DATAEEPROM_Program), (84 bytes).
    Removing stm32l0xx_hal_flash_ex.o(i.HAL_FLASHEx_DATAEEPROM_Unlock), (36 bytes).
    Removing stm32l0xx_hal_flash_ex.o(i.HAL_FLASHEx_Erase), (120 bytes).
    Removing stm32l0xx_hal_flash_ex.o(i.HAL_FLASHEx_Erase_IT), (88 bytes).
    Removing stm32l0xx_hal_flash_ex.o(i.HAL_FLASHEx_OBGetConfig), (52 bytes).
    Removing stm32l0xx_hal_flash_ex.o(i.HAL_FLASHEx_OBProgram), (284 bytes).
    Removing stm32l0xx_hal_flash_ex.o(i.HAL_FLASHEx_OB_DeSelectPCROP), (10 bytes).
    Removing stm32l0xx_hal_flash_ex.o(i.HAL_FLASHEx_OB_SelectPCROP), (10 bytes).
    Removing stm32l0xx_hal_gpio.o(.rev16_text), (4 bytes).
    Removing stm32l0xx_hal_gpio.o(.revsh_text), (4 bytes).
    Removing stm32l0xx_hal_gpio.o(i.HAL_GPIO_DeInit), (240 bytes).
    Removing stm32l0xx_hal_gpio.o(i.HAL_GPIO_EXTI_Callback), (2 bytes).
    Removing stm32l0xx_hal_gpio.o(i.HAL_GPIO_LockPin), (36 bytes).
    Removing stm32l0xx_hal_gpio.o(i.HAL_GPIO_ReadPin), (10 bytes).

427 unused section(s) (total 27460 bytes) removed from the image.

==============================================================================

Image Symbol Table

    Local Symbols

    Symbol Name                              Value     Ov Type        Size  Object(Section)

    ../Drivers/CMSIS/Device/ST/STM32L0xx/Source/Templates/system_stm32l0xx.c 0x00000000   Number         0  system_stm32l0xx.o ABSOLUTE
    ../Drivers/STM32L0xx_HAL_Driver/Src/stm32l0xx_hal.c 0x00000000   Number         0  stm32l0xx_hal.o ABSOLUTE
    ../Drivers/STM32L0xx_HAL_Driver/Src/stm32l0xx_hal_cortex.c 0x00000000   Number         0  stm32l0xx_hal_cortex.o ABSOLUTE
    ../Drivers/STM32L0xx_HAL_Driver/Src/stm32l0xx_hal_dma.c 0x00000000   Number         0  stm32l0xx_hal_dma.o ABSOLUTE
    ../Drivers/STM32L0xx_HAL_Driver/Src/stm32l0xx_hal_flash.c 0x00000000   Number         0  stm32l0xx_hal_flash.o ABSOLUTE
    ../Drivers/STM32L0xx_HAL_Driver/Src/stm32l0xx_hal_flash_ex.c 0x00000000   Number         0  stm32l0xx_hal_flash_ex.o ABSOLUTE
    ../Drivers/STM32L0xx_HAL_Driver/Src/stm32l0xx_hal_flash_ramfunc.c 0x00000000   Number         0  stm32l0xx_hal_flash_ramfunc.o ABSOLUTE
    ../Drivers/STM32L0xx_HAL_Driver/Src/stm32l0xx_hal_gpio.c 0x00000000   Number         0  stm32l0xx_hal_gpio.o ABSOLUTE
    ../Drivers/STM32L0xx_HAL_Driver/Src/stm32l0xx_hal_i2c.c 0x00000000   Number         0  stm32l0xx_hal_i2c.o ABSOLUTE
    ../Drivers/STM32L0xx_HAL_Driver/Src/stm32l0xx_hal_i2c_ex.c 0x00000000   Number         0  stm32l0xx_hal_i2c_ex.o ABSOLUTE
    ../Drivers/STM32L0xx_HAL_Driver/Src/stm32l0xx_hal_pwr.c 0x00000000   Number         0  stm32l0xx_hal_pwr.o ABSOLUTE
    ../Drivers/STM32L0xx_HAL_Driver/Src/stm32l0xx_hal_pwr_ex.c 0x00000000   Number         0  stm32l0xx_hal_pwr_ex.o ABSOLUTE
    ../Drivers/STM32L0xx_HAL_Driver/Src/stm32l0xx_hal_rcc.c 0x00000000   Number         0  stm32l0xx_hal_rcc.o ABSOLUTE
    ../Drivers/STM32L0xx_HAL_Driver/Src/stm32l0xx_hal_rcc_ex.c 0x00000000   Number         0  stm32l0xx_hal_rcc_ex.o ABSOLUTE
    ../Drivers/STM32L0xx_HAL_Driver/Src/stm32l0xx_hal_tim.c 0x00000000   Number         0  stm32l0xx_hal_tim.o ABSOLUTE
    ../Drivers/STM32L0xx_HAL_Driver/Src/stm32l0xx_hal_tim_ex.c 0x00000000   Number         0  stm32l0xx_hal_tim_ex.o ABSOLUTE
    ../Middlewares/Third_Party/FreeRTOS/Source/CMSIS_RTOS/cmsis_os.c 0x00000000   Number         0  cmsis_os.o ABSOLUTE
    ../Middlewares/Third_Party/FreeRTOS/Source/croutine.c 0x00000000   Number         0  croutine.o ABSOLUTE
    ../Middlewares/Third_Party/FreeRTOS/Source/event_groups.c 0x00000000   Number         0  event_groups.o ABSOLUTE
    ../Middlewares/Third_Party/FreeRTOS/Source/list.c 0x00000000   Number         0  list.o ABSOLUTE
    ../Middlewares/Third_Party/FreeRTOS/Source/portable/MemMang/heap_4.c 0x00000000   Number         0  heap_4.o ABSOLUTE
    ../Middlewares/Third_Party/FreeRTOS/Source/portable/RVDS/ARM_CM0/port.c 0x00000000   Number         0  port.o ABSOLUTE
    ../Middlewares/Third_Party/FreeRTOS/Source/queue.c 0x00000000   Number         0  queue.o ABSOLUTE
    ../Middlewares/Third_Party/FreeRTOS/Source/tasks.c 0x00000000   Number         0  tasks.o ABSOLUTE
    ../Middlewares/Third_Party/FreeRTOS/Source/timers.c 0x00000000   Number         0  timers.o ABSOLUTE
    ../Src/freertos.c                        0x00000000   Number         0  freertos.o ABSOLUTE
    ../Src/gpio.c                            0x00000000   Number         0  gpio.o ABSOLUTE
    ../Src/main.c                            0x00000000   Number         0  main.o ABSOLUTE
    ../Src/stm32l0xx_hal_msp.c               0x00000000   Number         0  stm32l0xx_hal_msp.o ABSOLUTE
    ../Src/stm32l0xx_it.c                    0x00000000   Number         0  stm32l0xx_it.o ABSOLUTE
    ../Src/tim.c                             0x00000000   Number         0  tim.o ABSOLUTE
    ../clib/microlib/division.c              0x00000000   Number         0  uidiv.o ABSOLUTE
    ../clib/microlib/init/entry.s            0x00000000   Number         0  entry9b.o ABSOLUTE
    ../clib/microlib/init/entry.s            0x00000000   Number         0  entry9a.o ABSOLUTE
    ../clib/microlib/init/entry.s            0x00000000   Number         0  entry8a.o ABSOLUTE
    ../clib/microlib/init/entry.s            0x00000000   Number         0  entry7b.o ABSOLUTE
    ../clib/microlib/init/entry.s            0x00000000   Number         0  entry7a.o ABSOLUTE
    ../clib/microlib/init/entry.s            0x00000000   Number         0  entry5.o ABSOLUTE
    ../clib/microlib/init/entry.s            0x00000000   Number         0  entry2.o ABSOLUTE
    ../clib/microlib/init/entry.s            0x00000000   Number         0  entry.o ABSOLUTE
    ../clib/microlib/init/entry.s            0x00000000   Number         0  entry8b.o ABSOLUTE
    ../clib/microlib/init/entry.s            0x00000000   Number         0  entry11b.o ABSOLUTE
    ../clib/microlib/init/entry.s            0x00000000   Number         0  entry11a.o ABSOLUTE
    ../clib/microlib/init/entry.s            0x00000000   Number         0  entry10b.o ABSOLUTE
    ../clib/microlib/init/entry.s            0x00000000   Number         0  entry10a.o ABSOLUTE
    ../clib/microlib/string/memcpy.c         0x00000000   Number         0  memcpya.o ABSOLUTE
    ../clib/microlib/string/memcpy.c         0x00000000   Number         0  memcpyb.o ABSOLUTE
    ../clib/microlib/string/memset.c         0x00000000   Number         0  memseta.o ABSOLUTE
    ..\Drivers\CMSIS\Device\ST\STM32L0xx\Source\Templates\system_stm32l0xx.c 0x00000000   Number         0  system_stm32l0xx.o ABSOLUTE
    ..\Drivers\STM32L0xx_HAL_Driver\Src\stm32l0xx_hal.c 0x00000000   Number         0  stm32l0xx_hal.o ABSOLUTE
    ..\Drivers\STM32L0xx_HAL_Driver\Src\stm32l0xx_hal_cortex.c 0x00000000   Number         0  stm32l0xx_hal_cortex.o ABSOLUTE
    ..\Drivers\STM32L0xx_HAL_Driver\Src\stm32l0xx_hal_dma.c 0x00000000   Number         0  stm32l0xx_hal_dma.o ABSOLUTE
    ..\Drivers\STM32L0xx_HAL_Driver\Src\stm32l0xx_hal_flash.c 0x00000000   Number         0  stm32l0xx_hal_flash.o ABSOLUTE
    ..\Drivers\STM32L0xx_HAL_Driver\Src\stm32l0xx_hal_flash_ex.c 0x00000000   Number         0  stm32l0xx_hal_flash_ex.o ABSOLUTE
    ..\Drivers\STM32L0xx_HAL_Driver\Src\stm32l0xx_hal_flash_ramfunc.c 0x00000000   Number         0  stm32l0xx_hal_flash_ramfunc.o ABSOLUTE
    ..\Drivers\STM32L0xx_HAL_Driver\Src\stm32l0xx_hal_gpio.c 0x00000000   Number         0  stm32l0xx_hal_gpio.o ABSOLUTE
    ..\Drivers\STM32L0xx_HAL_Driver\Src\stm32l0xx_hal_i2c.c 0x00000000   Number         0  stm32l0xx_hal_i2c.o ABSOLUTE
    ..\Drivers\STM32L0xx_HAL_Driver\Src\stm32l0xx_hal_i2c_ex.c 0x00000000   Number         0  stm32l0xx_hal_i2c_ex.o ABSOLUTE
    ..\Drivers\STM32L0xx_HAL_Driver\Src\stm32l0xx_hal_pwr.c 0x00000000   Number         0  stm32l0xx_hal_pwr.o ABSOLUTE
    ..\Drivers\STM32L0xx_HAL_Driver\Src\stm32l0xx_hal_pwr_ex.c 0x00000000   Number         0  stm32l0xx_hal_pwr_ex.o ABSOLUTE
    ..\Drivers\STM32L0xx_HAL_Driver\Src\stm32l0xx_hal_rcc.c 0x00000000   Number         0  stm32l0xx_hal_rcc.o ABSOLUTE
    ..\Drivers\STM32L0xx_HAL_Driver\Src\stm32l0xx_hal_rcc_ex.c 0x00000000   Number         0  stm32l0xx_hal_rcc_ex.o ABSOLUTE
    ..\Drivers\STM32L0xx_HAL_Driver\Src\stm32l0xx_hal_tim.c 0x00000000   Number         0  stm32l0xx_hal_tim.o ABSOLUTE
    ..\Drivers\STM32L0xx_HAL_Driver\Src\stm32l0xx_hal_tim_ex.c 0x00000000   Number         0  stm32l0xx_hal_tim_ex.o ABSOLUTE
    ..\Middlewares\Third_Party\FreeRTOS\Source\CMSIS_RTOS\cmsis_os.c 0x00000000   Number         0  cmsis_os.o ABSOLUTE
    ..\Middlewares\Third_Party\FreeRTOS\Source\portable\RVDS\ARM_CM0\port.c 0x00000000   Number         0  port.o ABSOLUTE
    ..\Src\freertos.c                        0x00000000   Number         0  freertos.o ABSOLUTE
    ..\Src\gpio.c                            0x00000000   Number         0  gpio.o ABSOLUTE
    ..\Src\main.c                            0x00000000   Number         0  main.o ABSOLUTE
    ..\Src\stm32l0xx_hal_msp.c               0x00000000   Number         0  stm32l0xx_hal_msp.o ABSOLUTE
    ..\Src\stm32l0xx_it.c                    0x00000000   Number         0  stm32l0xx_it.o ABSOLUTE
    ..\Src\thread_push.c                     0x00000000   Number         0  thread_push.o ABSOLUTE
    ..\Src\tim.c                             0x00000000   Number         0  tim.o ABSOLUTE
    ..\Src\tim_isr.c                         0x00000000   Number         0  tim_isr.o ABSOLUTE
    ..\\Src\\thread_push.c                   0x00000000   Number         0  thread_push.o ABSOLUTE
    ..\\Src\\tim_isr.c                       0x00000000   Number         0  tim_isr.o ABSOLUTE
    dc.s                                     0x00000000   Number         0  dc.o ABSOLUTE
    handlers.s                               0x00000000   Number         0  handlers.o ABSOLUTE
    init.s                                   0x00000000   Number         0  init.o ABSOLUTE
    startup_stm32l073xx.s                    0x00000000   Number         0  startup_stm32l073xx.o ABSOLUTE
    RESET                                    0x08000000   Section      192  startup_stm32l073xx.o(RESET)
    .ARM.Collect$$$$00000000                 0x080000c0   Section        0  entry.o(.ARM.Collect$$$$00000000)
    .ARM.Collect$$$$00000001                 0x080000c0   Section        4  entry2.o(.ARM.Collect$$$$00000001)
    .ARM.Collect$$$$00000004                 0x080000c4   Section        4  entry5.o(.ARM.Collect$$$$00000004)
    .ARM.Collect$$$$00000008                 0x080000c8   Section        0  entry7b.o(.ARM.Collect$$$$00000008)
    .ARM.Collect$$$$0000000A                 0x080000c8   Section        0  entry8b.o(.ARM.Collect$$$$0000000A)
    .ARM.Collect$$$$0000000B                 0x080000c8   Section        8  entry9a.o(.ARM.Collect$$$$0000000B)
    .ARM.Collect$$$$0000000D                 0x080000d0   Section        0  entry10a.o(.ARM.Collect$$$$0000000D)
    .ARM.Collect$$$$0000000F                 0x080000d0   Section        0  entry11a.o(.ARM.Collect$$$$0000000F)
    .ARM.Collect$$$$00002712                 0x080000d0   Section        4  entry2.o(.ARM.Collect$$$$00002712)
    __lit__00000000                          0x080000d0   Data           4  entry2.o(.ARM.Collect$$$$00002712)
    .emb_text                                0x080000d4   Section      112  port.o(.emb_text)
    .text                                    0x08000144   Section       28  startup_stm32l073xx.o(.text)
    .text                                    0x08000160   Section        0  uidiv.o(.text)
    .text                                    0x0800018c   Section        0  memcpya.o(.text)
    .text                                    0x080001b0   Section        0  memseta.o(.text)
    .text                                    0x080001d4   Section       36  init.o(.text)
    i.EXTI0_1_IRQHandler                     0x080001f8   Section        0  stm32l0xx_it.o(i.EXTI0_1_IRQHandler)
    i.EXTI2_3_IRQHandler                     0x08000208   Section        0  stm32l0xx_it.o(i.EXTI2_3_IRQHandler)
    i.EXTI4_15_IRQHandler                    0x08000212   Section        0  stm32l0xx_it.o(i.EXTI4_15_IRQHandler)
    i.HAL_GPIO_EXTI_Callback                 0x08000220   Section        0  stm32l0xx_it.o(i.HAL_GPIO_EXTI_Callback)
    i.HAL_GPIO_EXTI_IRQHandler               0x0800028c   Section        0  stm32l0xx_hal_gpio.o(i.HAL_GPIO_EXTI_IRQHandler)
    i.HAL_GPIO_Init                          0x080002a4   Section        0  stm32l0xx_hal_gpio.o(i.HAL_GPIO_Init)
    i.HAL_GPIO_TogglePin                     0x08000428   Section        0  stm32l0xx_hal_gpio.o(i.HAL_GPIO_TogglePin)
    i.HAL_GPIO_WritePin                      0x08000430   Section        0  stm32l0xx_hal_gpio.o(i.HAL_GPIO_WritePin)
    i.HAL_GetTick                            0x0800043c   Section        0  stm32l0xx_hal.o(i.HAL_GetTick)
    i.HAL_IncTick                            0x08000448   Section        0  stm32l0xx_hal.o(i.HAL_IncTick)
    i.HAL_Init                               0x08000458   Section        0  stm32l0xx_hal.o(i.HAL_Init)
    i.HAL_InitTick                           0x08000478   Section        0  stm32l0xx_hal.o(i.HAL_InitTick)
    i.HAL_MspInit                            0x0800049c   Section        0  stm32l0xx_hal_msp.o(i.HAL_MspInit)
    i.HAL_NVIC_EnableIRQ                     0x080004b8   Section        0  stm32l0xx_hal_cortex.o(i.HAL_NVIC_EnableIRQ)
    i.HAL_NVIC_SetPriority                   0x080004cc   Section        0  stm32l0xx_hal_cortex.o(i.HAL_NVIC_SetPriority)
    i.HAL_RCC_ClockConfig                    0x080004d4   Section        0  stm32l0xx_hal_rcc.o(i.HAL_RCC_ClockConfig)
    i.HAL_RCC_GetHCLKFreq                    0x08000620   Section        0  stm32l0xx_hal_rcc.o(i.HAL_RCC_GetHCLKFreq)
    i.HAL_RCC_GetSysClockFreq                0x08000648   Section        0  stm32l0xx_hal_rcc.o(i.HAL_RCC_GetSysClockFreq)
    i.HAL_RCC_OscConfig                      0x080006cc   Section        0  stm32l0xx_hal_rcc.o(i.HAL_RCC_OscConfig)
    i.HAL_SYSTICK_CLKSourceConfig            0x08000af4   Section        0  stm32l0xx_hal_cortex.o(i.HAL_SYSTICK_CLKSourceConfig)
    i.HAL_SYSTICK_Config                     0x08000b0c   Section        0  stm32l0xx_hal_cortex.o(i.HAL_SYSTICK_Config)
    i.HAL_TIMEx_MasterConfigSynchronization  0x08000b3c   Section        0  stm32l0xx_hal_tim_ex.o(i.HAL_TIMEx_MasterConfigSynchronization)
    i.HAL_TIMEx_RemapConfig                  0x08000b84   Section        0  stm32l0xx_hal_tim_ex.o(i.HAL_TIMEx_RemapConfig)
    i.HAL_TIM_IC_CaptureCallback             0x08000ba2   Section        0  stm32l0xx_hal_tim.o(i.HAL_TIM_IC_CaptureCallback)
    i.HAL_TIM_IRQHandler                     0x08000ba4   Section        0  stm32l0xx_hal_tim.o(i.HAL_TIM_IRQHandler)
    i.HAL_TIM_MspPostInit                    0x08000ccc   Section        0  tim.o(i.HAL_TIM_MspPostInit)
    i.HAL_TIM_OC_DelayElapsedCallback        0x08000d2c   Section        0  stm32l0xx_hal_tim.o(i.HAL_TIM_OC_DelayElapsedCallback)
    i.HAL_TIM_PWM_ConfigChannel              0x08000d2e   Section        0  stm32l0xx_hal_tim.o(i.HAL_TIM_PWM_ConfigChannel)
    i.HAL_TIM_PWM_Init                       0x08000dfe   Section        0  stm32l0xx_hal_tim.o(i.HAL_TIM_PWM_Init)
    i.HAL_TIM_PWM_MspInit                    0x08000e34   Section        0  tim.o(i.HAL_TIM_PWM_MspInit)
    i.HAL_TIM_PWM_PulseFinishedCallback      0x08000ea0   Section        0  tim_isr.o(i.HAL_TIM_PWM_PulseFinishedCallback)
    i.HAL_TIM_PWM_Start_IT                   0x08001074   Section        0  stm32l0xx_hal_tim.o(i.HAL_TIM_PWM_Start_IT)
    i.HAL_TIM_PWM_Stop_IT                    0x080010bc   Section        0  stm32l0xx_hal_tim.o(i.HAL_TIM_PWM_Stop_IT)
    i.HAL_TIM_PeriodElapsedCallback          0x08001110   Section        0  stm32l0xx_hal_tim.o(i.HAL_TIM_PeriodElapsedCallback)
    i.HAL_TIM_TriggerCallback                0x08001112   Section        0  stm32l0xx_hal_tim.o(i.HAL_TIM_TriggerCallback)
    i.HardFault_Handler                      0x08001114   Section        0  stm32l0xx_it.o(i.HardFault_Handler)
    i.MX_FREERTOS_Init                       0x08001118   Section        0  freertos.o(i.MX_FREERTOS_Init)
    i.MX_GPIO_Init                           0x08001158   Section        0  gpio.o(i.MX_GPIO_Init)
    i.MX_TIM21_Init                          0x08001234   Section        0  tim.o(i.MX_TIM21_Init)
    i.MX_TIM2_Init                           0x08001298   Section        0  tim.o(i.MX_TIM2_Init)
    i.MX_TIM3_Init                           0x080012f8   Section        0  tim.o(i.MX_TIM3_Init)
    i.NMI_Handler                            0x0800135c   Section        0  stm32l0xx_it.o(i.NMI_Handler)
    i.NVIC_SetPriority                       0x08001360   Section        0  stm32l0xx_hal_cortex.o(i.NVIC_SetPriority)
    NVIC_SetPriority                         0x08001361   Thumb Code    60  stm32l0xx_hal_cortex.o(i.NVIC_SetPriority)
    i.SVC_Handler                            0x080013a4   Section        0  port.o(i.SVC_Handler)
    i.SysTick_Handler                        0x080013a6   Section        0  stm32l0xx_it.o(i.SysTick_Handler)
    i.SystemClock_Config                     0x080013b4   Section        0  main.o(i.SystemClock_Config)
    i.SystemInit                             0x0800142c   Section        0  system_stm32l0xx.o(i.SystemInit)
    i.TIM21_IRQHandler                       0x08001480   Section        0  stm32l0xx_it.o(i.TIM21_IRQHandler)
    i.TIM2_IRQHandler                        0x0800149c   Section        0  stm32l0xx_it.o(i.TIM2_IRQHandler)
    i.TIM3_IRQHandler                        0x080014b8   Section        0  stm32l0xx_it.o(i.TIM3_IRQHandler)
    i.TIM_Base_SetConfig                     0x080014d4   Section        0  stm32l0xx_hal_tim.o(i.TIM_Base_SetConfig)
    TIM_Base_SetConfig                       0x080014d5   Thumb Code    82  stm32l0xx_hal_tim.o(i.TIM_Base_SetConfig)
    i.TIM_CCxChannelCmd                      0x08001534   Section        0  stm32l0xx_hal_tim.o(i.TIM_CCxChannelCmd)
    TIM_CCxChannelCmd                        0x08001535   Thumb Code    22  stm32l0xx_hal_tim.o(i.TIM_CCxChannelCmd)
    i.TIM_OC1_SetConfig                      0x0800154a   Section        0  stm32l0xx_hal_tim.o(i.TIM_OC1_SetConfig)
    TIM_OC1_SetConfig                        0x0800154b   Thumb Code    48  stm32l0xx_hal_tim.o(i.TIM_OC1_SetConfig)
    i.TIM_OC2_SetConfig                      0x0800157a   Section        0  stm32l0xx_hal_tim.o(i.TIM_OC2_SetConfig)
    TIM_OC2_SetConfig                        0x0800157b   Thumb Code    50  stm32l0xx_hal_tim.o(i.TIM_OC2_SetConfig)
    i.TIM_OC3_SetConfig                      0x080015ac   Section        0  stm32l0xx_hal_tim.o(i.TIM_OC3_SetConfig)
    TIM_OC3_SetConfig                        0x080015ad   Thumb Code    54  stm32l0xx_hal_tim.o(i.TIM_OC3_SetConfig)
    i.TIM_OC4_SetConfig                      0x080015e2   Section        0  stm32l0xx_hal_tim.o(i.TIM_OC4_SetConfig)
    TIM_OC4_SetConfig                        0x080015e3   Thumb Code    54  stm32l0xx_hal_tim.o(i.TIM_OC4_SetConfig)
    i.__ARM_common_switch8                   0x08001618   Section        0  tasks.o(i.__ARM_common_switch8)
    i.__scatterload_copy                     0x08001632   Section       14  handlers.o(i.__scatterload_copy)
    i.__scatterload_null                     0x08001640   Section        2  handlers.o(i.__scatterload_null)
    i.__scatterload_zeroinit                 0x08001642   Section       14  handlers.o(i.__scatterload_zeroinit)
    i.inHandlerMode                          0x08001650   Section        0  cmsis_os.o(i.inHandlerMode)
    inHandlerMode                            0x08001651   Thumb Code    12  cmsis_os.o(i.inHandlerMode)
    i.main                                   0x0800165c   Section        0  main.o(i.main)
    i.makeFreeRtosPriority                   0x0800168c   Section        0  cmsis_os.o(i.makeFreeRtosPriority)
    makeFreeRtosPriority                     0x0800168d   Thumb Code    12  cmsis_os.o(i.makeFreeRtosPriority)
    i.osKernelStart                          0x08001698   Section        0  cmsis_os.o(i.osKernelStart)
    i.osMessageCreate                        0x080016a2   Section        0  cmsis_os.o(i.osMessageCreate)
    i.osMessageGet                           0x080016b0   Section        0  cmsis_os.o(i.osMessageGet)
    i.osMessagePut                           0x08001740   Section        0  cmsis_os.o(i.osMessagePut)
    i.osSignalSet                            0x08001798   Section        0  cmsis_os.o(i.osSignalSet)
    i.osSignalWait                           0x080017e8   Section        0  cmsis_os.o(i.osSignalWait)
    i.osSystickHandler                       0x08001846   Section        0  cmsis_os.o(i.osSystickHandler)
    i.osThreadCreate                         0x08001856   Section        0  cmsis_os.o(i.osThreadCreate)
    i.prvAddCurrentTaskToDelayedList         0x08001890   Section        0  tasks.o(i.prvAddCurrentTaskToDelayedList)
    prvAddCurrentTaskToDelayedList           0x08001891   Thumb Code    46  tasks.o(i.prvAddCurrentTaskToDelayedList)
    i.prvCheckTasksWaitingTermination        0x080018c4   Section        0  tasks.o(i.prvCheckTasksWaitingTermination)
    prvCheckTasksWaitingTermination          0x080018c5   Thumb Code    78  tasks.o(i.prvCheckTasksWaitingTermination)
    i.prvCopyDataFromQueue                   0x0800191c   Section        0  queue.o(i.prvCopyDataFromQueue)
    prvCopyDataFromQueue                     0x0800191d   Thumb Code    38  queue.o(i.prvCopyDataFromQueue)
    i.prvCopyDataToQueue                     0x08001942   Section        0  queue.o(i.prvCopyDataToQueue)
    prvCopyDataToQueue                       0x08001943   Thumb Code   118  queue.o(i.prvCopyDataToQueue)
    i.prvHeapInit                            0x080019b8   Section        0  heap_4.o(i.prvHeapInit)
    prvHeapInit                              0x080019b9   Thumb Code    60  heap_4.o(i.prvHeapInit)
    i.prvIdleTask                            0x080019fc   Section        0  tasks.o(i.prvIdleTask)
    prvIdleTask                              0x080019fd   Thumb Code    18  tasks.o(i.prvIdleTask)
    i.prvInsertBlockIntoFreeList             0x08001a14   Section        0  heap_4.o(i.prvInsertBlockIntoFreeList)
    prvInsertBlockIntoFreeList               0x08001a15   Thumb Code    72  heap_4.o(i.prvInsertBlockIntoFreeList)
    i.prvResetNextTaskUnblockTime            0x08001a60   Section        0  tasks.o(i.prvResetNextTaskUnblockTime)
    prvResetNextTaskUnblockTime              0x08001a61   Thumb Code    28  tasks.o(i.prvResetNextTaskUnblockTime)
    i.prvTaskExitError                       0x08001a80   Section        0  port.o(i.prvTaskExitError)
    prvTaskExitError                         0x08001a81   Thumb Code    14  port.o(i.prvTaskExitError)
    i.prvUnlockQueue                         0x08001a94   Section        0  queue.o(i.prvUnlockQueue)
    prvUnlockQueue                           0x08001a95   Thumb Code   106  queue.o(i.prvUnlockQueue)
    i.pvPortMalloc                           0x08001b00   Section        0  heap_4.o(i.pvPortMalloc)
    i.pvTaskIncrementMutexHeldCount          0x08001bb0   Section        0  tasks.o(i.pvTaskIncrementMutexHeldCount)
    i.pxPortInitialiseStack                  0x08001bc8   Section        0  port.o(i.pxPortInitialiseStack)
    i.thread_push_entry                      0x08001be8   Section        0  thread_push.o(i.thread_push_entry)
    i.uxListRemove                           0x08001dbc   Section        0  list.o(i.uxListRemove)
    i.vListInitialise                        0x08001de0   Section        0  list.o(i.vListInitialise)
    i.vListInitialiseItem                    0x08001df6   Section        0  list.o(i.vListInitialiseItem)
    i.vListInsert                            0x08001dfc   Section        0  list.o(i.vListInsert)
    i.vListInsertEnd                         0x08001e2c   Section        0  list.o(i.vListInsertEnd)
    i.vPortEnterCritical                     0x08001e44   Section        0  port.o(i.vPortEnterCritical)
    i.vPortExitCritical                      0x08001e5c   Section        0  port.o(i.vPortExitCritical)
    i.vPortFree                              0x08001e78   Section        0  heap_4.o(i.vPortFree)
    i.vPortYield                             0x08001ebc   Section        0  port.o(i.vPortYield)
    i.vTaskMissedYield                       0x08001ed4   Section        0  tasks.o(i.vTaskMissedYield)
    i.vTaskPlaceOnEventList                  0x08001ee0   Section        0  tasks.o(i.vTaskPlaceOnEventList)
    i.vTaskPriorityInherit                   0x08001f20   Section        0  tasks.o(i.vTaskPriorityInherit)
    i.vTaskSetTimeOutState                   0x08001f84   Section        0  tasks.o(i.vTaskSetTimeOutState)
    i.vTaskStartScheduler                    0x08001f9c   Section        0  tasks.o(i.vTaskStartScheduler)
    i.vTaskSuspendAll                        0x08001fe0   Section        0  tasks.o(i.vTaskSuspendAll)
    i.vTaskSwitchContext                     0x08001ff0   Section        0  tasks.o(i.vTaskSwitchContext)
    i.xPortStartScheduler                    0x08002048   Section        0  port.o(i.xPortStartScheduler)
    i.xPortSysTickHandler                    0x08002094   Section        0  port.o(i.xPortSysTickHandler)
    i.xQueueGenericCreate                    0x080020b8   Section        0  queue.o(i.xQueueGenericCreate)
    i.xQueueGenericReceive                   0x08002104   Section        0  queue.o(i.xQueueGenericReceive)
    i.xQueueGenericReset                     0x0800223e   Section        0  queue.o(i.xQueueGenericReset)
    i.xQueueGenericSend                      0x080022a8   Section        0  queue.o(i.xQueueGenericSend)
    i.xQueueGenericSendFromISR               0x080023be   Section        0  queue.o(i.xQueueGenericSendFromISR)
    i.xQueueReceiveFromISR                   0x08002440   Section        0  queue.o(i.xQueueReceiveFromISR)
    i.xTaskCheckForTimeOut                   0x080024b0   Section        0  tasks.o(i.xTaskCheckForTimeOut)
    i.xTaskGenericCreate                     0x08002504   Section        0  tasks.o(i.xTaskGenericCreate)
    i.xTaskGenericNotify                     0x08002680   Section        0  tasks.o(i.xTaskGenericNotify)
    i.xTaskGetSchedulerState                 0x08002724   Section        0  tasks.o(i.xTaskGetSchedulerState)
    i.xTaskIncrementTick                     0x08002744   Section        0  tasks.o(i.xTaskIncrementTick)
    i.xTaskNotifyFromISR                     0x08002804   Section        0  tasks.o(i.xTaskNotifyFromISR)
    i.xTaskNotifyWait                        0x080028b8   Section        0  tasks.o(i.xTaskNotifyWait)
    i.xTaskPriorityDisinherit                0x08002950   Section        0  tasks.o(i.xTaskPriorityDisinherit)
    i.xTaskRemoveFromEventList               0x080029b8   Section        0  tasks.o(i.xTaskRemoveFromEventList)
    i.xTaskResumeAll                         0x08002a1c   Section        0  tasks.o(i.xTaskResumeAll)
    .constdata                               0x08002ac4   Section       28  freertos.o(.constdata)
    .constdata                               0x08002ae0   Section       25  system_stm32l0xx.o(.constdata)
    .constdata                               0x08002af9   Section       16  stm32l0xx_hal_rcc.o(.constdata)
    APBAHBPrescTable                         0x08002af9   Data          16  stm32l0xx_hal_rcc.o(.constdata)
    .conststring                             0x08002b0c   Section       12  freertos.o(.conststring)
    .data                                    0x20000000   Section       24  stm32l0xx_it.o(.data)
    CNT_EXTI0                                0x2000000c   Data           4  stm32l0xx_it.o(.data)
    CNT_EXTI1                                0x20000010   Data           4  stm32l0xx_it.o(.data)
    CNT_EXTI2                                0x20000014   Data           4  stm32l0xx_it.o(.data)
    .data                                    0x20000018   Section        4  thread_push.o(.data)
    .data                                    0x2000001c   Section        4  thread_push.o(.data)
    .data                                    0x20000020   Section       24  heap_4.o(.data)
    pxEnd                                    0x20000020   Data           4  heap_4.o(.data)
    xFreeBytesRemaining                      0x20000024   Data           4  heap_4.o(.data)
    xMinimumEverFreeBytesRemaining           0x20000028   Data           4  heap_4.o(.data)
    xBlockAllocatedBit                       0x2000002c   Data           4  heap_4.o(.data)
    xStart                                   0x20000030   Data           8  heap_4.o(.data)
    .data                                    0x20000038   Section        4  port.o(.data)
    uxCriticalNesting                        0x20000038   Data           4  port.o(.data)
    .data                                    0x2000003c   Section       56  tasks.o(.data)
    uxTasksDeleted                           0x20000040   Data           4  tasks.o(.data)
    uxCurrentNumberOfTasks                   0x20000044   Data           4  tasks.o(.data)
    xTickCount                               0x20000048   Data           4  tasks.o(.data)
    uxTopReadyPriority                       0x2000004c   Data           4  tasks.o(.data)
    xSchedulerRunning                        0x20000050   Data           4  tasks.o(.data)
    uxPendedTicks                            0x20000054   Data           4  tasks.o(.data)
    xYieldPending                            0x20000058   Data           4  tasks.o(.data)
    xNumOfOverflows                          0x2000005c   Data           4  tasks.o(.data)
    uxTaskNumber                             0x20000060   Data           4  tasks.o(.data)
    xNextTaskUnblockTime                     0x20000064   Data           4  tasks.o(.data)
    uxSchedulerSuspended                     0x20000068   Data           4  tasks.o(.data)
    pxDelayedTaskList                        0x2000006c   Data           4  tasks.o(.data)
    pxOverflowDelayedTaskList                0x20000070   Data           4  tasks.o(.data)
    .data                                    0x20000074   Section        4  system_stm32l0xx.o(.data)
    .data                                    0x20000078   Section        4  stm32l0xx_hal.o(.data)
    uwTick                                   0x20000078   Data           4  stm32l0xx_hal.o(.data)
    .bss                                     0x2000007c   Section      168  tim.o(.bss)
    .bss                                     0x20000124   Section     3072  heap_4.o(.bss)
    ucHeap                                   0x20000124   Data        3072  heap_4.o(.bss)
    .bss                                     0x20000d24   Section      240  tasks.o(.bss)
    pxReadyTasksLists                        0x20000d24   Data         140  tasks.o(.bss)
    xDelayedTaskList1                        0x20000db0   Data          20  tasks.o(.bss)
    xDelayedTaskList2                        0x20000dc4   Data          20  tasks.o(.bss)
    xPendingReadyList                        0x20000dd8   Data          20  tasks.o(.bss)
    xTasksWaitingTermination                 0x20000dec   Data          20  tasks.o(.bss)
    xSuspendedTaskList                       0x20000e00   Data          20  tasks.o(.bss)
    STACK                                    0x20000e18   Section     1024  startup_stm32l073xx.o(STACK)

    Global Symbols

    Symbol Name                              Value     Ov Type        Size  Object(Section)

    BuildAttributes$$THM_ISAv3M$S$PE$A:L22$X:L11$S22$IEEE1$IW$USESV6$~STKCKD$USESV7$~SHL$OSPACE$EBA8$MICROLIB$REQ8$PRES8$EABIv2 0x00000000   Number         0  anon$$obj.o ABSOLUTE
    __ARM_use_no_argv                        0x00000000   Number         0  main.o ABSOLUTE
    __cpp_initialize__aeabi_                  - Undefined Weak Reference
    __cxa_finalize                            - Undefined Weak Reference
    __decompress                              - Undefined Weak Reference
    _clock_init                               - Undefined Weak Reference
    _microlib_exit                            - Undefined Weak Reference
    __Vectors_Size                           0x000000c0   Number         0  startup_stm32l073xx.o ABSOLUTE
    __Vectors                                0x08000000   Data           4  startup_stm32l073xx.o(RESET)
    __Vectors_End                            0x080000c0   Data           0  startup_stm32l073xx.o(RESET)
    __main                                   0x080000c1   Thumb Code     0  entry.o(.ARM.Collect$$$$00000000)
    _main_stk                                0x080000c1   Thumb Code     0  entry2.o(.ARM.Collect$$$$00000001)
    _main_scatterload                        0x080000c5   Thumb Code     0  entry5.o(.ARM.Collect$$$$00000004)
    __main_after_scatterload                 0x080000c9   Thumb Code     0  entry5.o(.ARM.Collect$$$$00000004)
    _main_clock                              0x080000c9   Thumb Code     0  entry7b.o(.ARM.Collect$$$$00000008)
    _main_cpp_init                           0x080000c9   Thumb Code     0  entry8b.o(.ARM.Collect$$$$0000000A)
    _main_init                               0x080000c9   Thumb Code     0  entry9a.o(.ARM.Collect$$$$0000000B)
    __rt_final_cpp                           0x080000d1   Thumb Code     0  entry10a.o(.ARM.Collect$$$$0000000D)
    __rt_final_exit                          0x080000d1   Thumb Code     0  entry11a.o(.ARM.Collect$$$$0000000F)
    __asm___6_port_c_39a90d8d__prvPortStartFirstTask 0x080000d5   Thumb Code    28  port.o(.emb_text)
    ulSetInterruptMaskFromISR                0x080000f5   Thumb Code     8  port.o(.emb_text)
    vClearInterruptMaskFromISR               0x080000fd   Thumb Code     6  port.o(.emb_text)
    PendSV_Handler                           0x08000103   Thumb Code    62  port.o(.emb_text)
    Reset_Handler                            0x08000145   Thumb Code     8  startup_stm32l073xx.o(.text)
    ADC1_COMP_IRQHandler                     0x08000157   Thumb Code     0  startup_stm32l073xx.o(.text)
    DMA1_Channel1_IRQHandler                 0x08000157   Thumb Code     0  startup_stm32l073xx.o(.text)
    DMA1_Channel2_3_IRQHandler               0x08000157   Thumb Code     0  startup_stm32l073xx.o(.text)
    DMA1_Channel4_5_6_7_IRQHandler           0x08000157   Thumb Code     0  startup_stm32l073xx.o(.text)
    FLASH_IRQHandler                         0x08000157   Thumb Code     0  startup_stm32l073xx.o(.text)
    I2C1_IRQHandler                          0x08000157   Thumb Code     0  startup_stm32l073xx.o(.text)
    I2C2_IRQHandler                          0x08000157   Thumb Code     0  startup_stm32l073xx.o(.text)
    I2C3_IRQHandler                          0x08000157   Thumb Code     0  startup_stm32l073xx.o(.text)
    LCD_IRQHandler                           0x08000157   Thumb Code     0  startup_stm32l073xx.o(.text)
    LPTIM1_IRQHandler                        0x08000157   Thumb Code     0  startup_stm32l073xx.o(.text)
    PVD_IRQHandler                           0x08000157   Thumb Code     0  startup_stm32l073xx.o(.text)
    RCC_CRS_IRQHandler                       0x08000157   Thumb Code     0  startup_stm32l073xx.o(.text)
    RNG_LPUART1_IRQHandler                   0x08000157   Thumb Code     0  startup_stm32l073xx.o(.text)
    RTC_IRQHandler                           0x08000157   Thumb Code     0  startup_stm32l073xx.o(.text)
    SPI1_IRQHandler                          0x08000157   Thumb Code     0  startup_stm32l073xx.o(.text)
    SPI2_IRQHandler                          0x08000157   Thumb Code     0  startup_stm32l073xx.o(.text)
    TIM22_IRQHandler                         0x08000157   Thumb Code     0  startup_stm32l073xx.o(.text)
    TIM6_DAC_IRQHandler                      0x08000157   Thumb Code     0  startup_stm32l073xx.o(.text)
    TIM7_IRQHandler                          0x08000157   Thumb Code     0  startup_stm32l073xx.o(.text)
    TSC_IRQHandler                           0x08000157   Thumb Code     0  startup_stm32l073xx.o(.text)
    USART1_IRQHandler                        0x08000157   Thumb Code     0  startup_stm32l073xx.o(.text)
    USART2_IRQHandler                        0x08000157   Thumb Code     0  startup_stm32l073xx.o(.text)
    USART4_5_IRQHandler                      0x08000157   Thumb Code     0  startup_stm32l073xx.o(.text)
    USB_IRQHandler                           0x08000157   Thumb Code     0  startup_stm32l073xx.o(.text)
    WWDG_IRQHandler                          0x08000157   Thumb Code     0  startup_stm32l073xx.o(.text)
    __aeabi_uidiv                            0x08000161   Thumb Code     0  uidiv.o(.text)
    __aeabi_uidivmod                         0x08000161   Thumb Code    44  uidiv.o(.text)
    __aeabi_memcpy                           0x0800018d   Thumb Code    36  memcpya.o(.text)
    __aeabi_memcpy4                          0x0800018d   Thumb Code     0  memcpya.o(.text)
    __aeabi_memcpy8                          0x0800018d   Thumb Code     0  memcpya.o(.text)
    __aeabi_memset                           0x080001b1   Thumb Code    14  memseta.o(.text)
    __aeabi_memset4                          0x080001b1   Thumb Code     0  memseta.o(.text)
    __aeabi_memset8                          0x080001b1   Thumb Code     0  memseta.o(.text)
    __aeabi_memclr                           0x080001bf   Thumb Code     4  memseta.o(.text)
    __aeabi_memclr4                          0x080001bf   Thumb Code     0  memseta.o(.text)
    __aeabi_memclr8                          0x080001bf   Thumb Code     0  memseta.o(.text)
    _memset$wrapper                          0x080001c3   Thumb Code    18  memseta.o(.text)
    __scatterload                            0x080001d5   Thumb Code    28  init.o(.text)
    __scatterload_rt2                        0x080001d5   Thumb Code     0  init.o(.text)
    EXTI0_1_IRQHandler                       0x080001f9   Thumb Code    16  stm32l0xx_it.o(i.EXTI0_1_IRQHandler)
    EXTI2_3_IRQHandler                       0x08000209   Thumb Code    10  stm32l0xx_it.o(i.EXTI2_3_IRQHandler)
    EXTI4_15_IRQHandler                      0x08000213   Thumb Code    12  stm32l0xx_it.o(i.EXTI4_15_IRQHandler)
    HAL_GPIO_EXTI_Callback                   0x08000221   Thumb Code   100  stm32l0xx_it.o(i.HAL_GPIO_EXTI_Callback)
    HAL_GPIO_EXTI_IRQHandler                 0x0800028d   Thumb Code    18  stm32l0xx_hal_gpio.o(i.HAL_GPIO_EXTI_IRQHandler)
    HAL_GPIO_Init                            0x080002a5   Thumb Code   356  stm32l0xx_hal_gpio.o(i.HAL_GPIO_Init)
    HAL_GPIO_TogglePin                       0x08000429   Thumb Code     8  stm32l0xx_hal_gpio.o(i.HAL_GPIO_TogglePin)
    HAL_GPIO_WritePin                        0x08000431   Thumb Code    12  stm32l0xx_hal_gpio.o(i.HAL_GPIO_WritePin)
    HAL_GetTick                              0x0800043d   Thumb Code     6  stm32l0xx_hal.o(i.HAL_GetTick)
    HAL_IncTick                              0x08000449   Thumb Code    10  stm32l0xx_hal.o(i.HAL_IncTick)
    HAL_Init                                 0x08000459   Thumb Code    26  stm32l0xx_hal.o(i.HAL_Init)
    HAL_InitTick                             0x08000479   Thumb Code    34  stm32l0xx_hal.o(i.HAL_InitTick)
    HAL_MspInit                              0x0800049d   Thumb Code    24  stm32l0xx_hal_msp.o(i.HAL_MspInit)
    HAL_NVIC_EnableIRQ                       0x080004b9   Thumb Code    14  stm32l0xx_hal_cortex.o(i.HAL_NVIC_EnableIRQ)
    HAL_NVIC_SetPriority                     0x080004cd   Thumb Code     8  stm32l0xx_hal_cortex.o(i.HAL_NVIC_SetPriority)
    HAL_RCC_ClockConfig                      0x080004d5   Thumb Code   320  stm32l0xx_hal_rcc.o(i.HAL_RCC_ClockConfig)
    HAL_RCC_GetHCLKFreq                      0x08000621   Thumb Code    26  stm32l0xx_hal_rcc.o(i.HAL_RCC_GetHCLKFreq)
    HAL_RCC_GetSysClockFreq                  0x08000649   Thumb Code   108  stm32l0xx_hal_rcc.o(i.HAL_RCC_GetSysClockFreq)
    HAL_RCC_OscConfig                        0x080006cd   Thumb Code  1064  stm32l0xx_hal_rcc.o(i.HAL_RCC_OscConfig)
    HAL_SYSTICK_CLKSourceConfig              0x08000af5   Thumb Code    20  stm32l0xx_hal_cortex.o(i.HAL_SYSTICK_CLKSourceConfig)
    HAL_SYSTICK_Config                       0x08000b0d   Thumb Code    38  stm32l0xx_hal_cortex.o(i.HAL_SYSTICK_Config)
    HAL_TIMEx_MasterConfigSynchronization    0x08000b3d   Thumb Code    72  stm32l0xx_hal_tim_ex.o(i.HAL_TIMEx_MasterConfigSynchronization)
    HAL_TIMEx_RemapConfig                    0x08000b85   Thumb Code    30  stm32l0xx_hal_tim_ex.o(i.HAL_TIMEx_RemapConfig)
    HAL_TIM_IC_CaptureCallback               0x08000ba3   Thumb Code     2  stm32l0xx_hal_tim.o(i.HAL_TIM_IC_CaptureCallback)
    HAL_TIM_IRQHandler                       0x08000ba5   Thumb Code   294  stm32l0xx_hal_tim.o(i.HAL_TIM_IRQHandler)
    HAL_TIM_MspPostInit                      0x08000ccd   Thumb Code    82  tim.o(i.HAL_TIM_MspPostInit)
    HAL_TIM_OC_DelayElapsedCallback          0x08000d2d   Thumb Code     2  stm32l0xx_hal_tim.o(i.HAL_TIM_OC_DelayElapsedCallback)
    HAL_TIM_PWM_ConfigChannel                0x08000d2f   Thumb Code   208  stm32l0xx_hal_tim.o(i.HAL_TIM_PWM_ConfigChannel)
    HAL_TIM_PWM_Init                         0x08000dff   Thumb Code    52  stm32l0xx_hal_tim.o(i.HAL_TIM_PWM_Init)
    HAL_TIM_PWM_MspInit                      0x08000e35   Thumb Code    96  tim.o(i.HAL_TIM_PWM_MspInit)
    HAL_TIM_PWM_PulseFinishedCallback        0x08000ea1   Thumb Code   408  tim_isr.o(i.HAL_TIM_PWM_PulseFinishedCallback)
    HAL_TIM_PWM_Start_IT                     0x08001075   Thumb Code    72  stm32l0xx_hal_tim.o(i.HAL_TIM_PWM_Start_IT)
    HAL_TIM_PWM_Stop_IT                      0x080010bd   Thumb Code    80  stm32l0xx_hal_tim.o(i.HAL_TIM_PWM_Stop_IT)
    HAL_TIM_PeriodElapsedCallback            0x08001111   Thumb Code     2  stm32l0xx_hal_tim.o(i.HAL_TIM_PeriodElapsedCallback)
    HAL_TIM_TriggerCallback                  0x08001113   Thumb Code     2  stm32l0xx_hal_tim.o(i.HAL_TIM_TriggerCallback)
    HardFault_Handler                        0x08001115   Thumb Code     2  stm32l0xx_it.o(i.HardFault_Handler)
    MX_FREERTOS_Init                         0x08001119   Thumb Code    52  freertos.o(i.MX_FREERTOS_Init)
    MX_GPIO_Init                             0x08001159   Thumb Code   196  gpio.o(i.MX_GPIO_Init)
    MX_TIM21_Init                            0x08001235   Thumb Code    90  tim.o(i.MX_TIM21_Init)
    MX_TIM2_Init                             0x08001299   Thumb Code    92  tim.o(i.MX_TIM2_Init)
    MX_TIM3_Init                             0x080012f9   Thumb Code    90  tim.o(i.MX_TIM3_Init)
    NMI_Handler                              0x0800135d   Thumb Code     2  stm32l0xx_it.o(i.NMI_Handler)
    SVC_Handler                              0x080013a5   Thumb Code     2  port.o(i.SVC_Handler)
    SysTick_Handler                          0x080013a7   Thumb Code    12  stm32l0xx_it.o(i.SysTick_Handler)
    SystemClock_Config                       0x080013b5   Thumb Code   112  main.o(i.SystemClock_Config)
    SystemInit                               0x0800142d   Thumb Code    66  system_stm32l0xx.o(i.SystemInit)
    TIM21_IRQHandler                         0x08001481   Thumb Code    18  stm32l0xx_it.o(i.TIM21_IRQHandler)
    TIM2_IRQHandler                          0x0800149d   Thumb Code    18  stm32l0xx_it.o(i.TIM2_IRQHandler)
    TIM3_IRQHandler                          0x080014b9   Thumb Code    18  stm32l0xx_it.o(i.TIM3_IRQHandler)
    __ARM_common_switch8                     0x08001619   Thumb Code    26  tasks.o(i.__ARM_common_switch8)
    __scatterload_copy                       0x08001633   Thumb Code    14  handlers.o(i.__scatterload_copy)
    __scatterload_null                       0x08001641   Thumb Code     2  handlers.o(i.__scatterload_null)
    __scatterload_zeroinit                   0x08001643   Thumb Code    14  handlers.o(i.__scatterload_zeroinit)
    main                                     0x0800165d   Thumb Code    48  main.o(i.main)
    osKernelStart                            0x08001699   Thumb Code    10  cmsis_os.o(i.osKernelStart)
    osMessageCreate                          0x080016a3   Thumb Code    12  cmsis_os.o(i.osMessageCreate)
    osMessageGet                             0x080016b1   Thumb Code   138  cmsis_os.o(i.osMessageGet)
    osMessagePut                             0x08001741   Thumb Code    82  cmsis_os.o(i.osMessagePut)
    osSignalSet                              0x08001799   Thumb Code    74  cmsis_os.o(i.osSignalSet)
    osSignalWait                             0x080017e9   Thumb Code    94  cmsis_os.o(i.osSignalWait)
    osSystickHandler                         0x08001847   Thumb Code    16  cmsis_os.o(i.osSystickHandler)
    osThreadCreate                           0x08001857   Thumb Code    56  cmsis_os.o(i.osThreadCreate)
    pvPortMalloc                             0x08001b01   Thumb Code   172  heap_4.o(i.pvPortMalloc)
    pvTaskIncrementMutexHeldCount            0x08001bb1   Thumb Code    20  tasks.o(i.pvTaskIncrementMutexHeldCount)
    pxPortInitialiseStack                    0x08001bc9   Thumb Code    28  port.o(i.pxPortInitialiseStack)
    thread_push_entry                        0x08001be9   Thumb Code   448  thread_push.o(i.thread_push_entry)
    uxListRemove                             0x08001dbd   Thumb Code    36  list.o(i.uxListRemove)
    vListInitialise                          0x08001de1   Thumb Code    22  list.o(i.vListInitialise)
    vListInitialiseItem                      0x08001df7   Thumb Code     6  list.o(i.vListInitialiseItem)
    vListInsert                              0x08001dfd   Thumb Code    48  list.o(i.vListInsert)
    vListInsertEnd                           0x08001e2d   Thumb Code    24  list.o(i.vListInsertEnd)
    vPortEnterCritical                       0x08001e45   Thumb Code    20  port.o(i.vPortEnterCritical)
    vPortExitCritical                        0x08001e5d   Thumb Code    22  port.o(i.vPortExitCritical)
    vPortFree                                0x08001e79   Thumb Code    62  heap_4.o(i.vPortFree)
    vPortYield                               0x08001ebd   Thumb Code    18  port.o(i.vPortYield)
    vTaskMissedYield                         0x08001ed5   Thumb Code     8  tasks.o(i.vTaskMissedYield)
    vTaskPlaceOnEventList                    0x08001ee1   Thumb Code    56  tasks.o(i.vTaskPlaceOnEventList)
    vTaskPriorityInherit                     0x08001f21   Thumb Code    92  tasks.o(i.vTaskPriorityInherit)
    vTaskSetTimeOutState                     0x08001f85   Thumb Code    20  tasks.o(i.vTaskSetTimeOutState)
    vTaskStartScheduler                      0x08001f9d   Thumb Code    52  tasks.o(i.vTaskStartScheduler)
    vTaskSuspendAll                          0x08001fe1   Thumb Code    10  tasks.o(i.vTaskSuspendAll)
    vTaskSwitchContext                       0x08001ff1   Thumb Code    78  tasks.o(i.vTaskSwitchContext)
    xPortStartScheduler                      0x08002049   Thumb Code    58  port.o(i.xPortStartScheduler)
    xPortSysTickHandler                      0x08002095   Thumb Code    32  port.o(i.xPortSysTickHandler)
    xQueueGenericCreate                      0x080020b9   Thumb Code    76  queue.o(i.xQueueGenericCreate)
    xQueueGenericReceive                     0x08002105   Thumb Code   314  queue.o(i.xQueueGenericReceive)
    xQueueGenericReset                       0x0800223f   Thumb Code   106  queue.o(i.xQueueGenericReset)
    xQueueGenericSend                        0x080022a9   Thumb Code   278  queue.o(i.xQueueGenericSend)
    xQueueGenericSendFromISR                 0x080023bf   Thumb Code   130  queue.o(i.xQueueGenericSendFromISR)
    xQueueReceiveFromISR                     0x08002441   Thumb Code   112  queue.o(i.xQueueReceiveFromISR)
    xTaskCheckForTimeOut                     0x080024b1   Thumb Code    80  tasks.o(i.xTaskCheckForTimeOut)
    xTaskGenericCreate                       0x08002505   Thumb Code   370  tasks.o(i.xTaskGenericCreate)
    xTaskGenericNotify                       0x08002681   Thumb Code   156  tasks.o(i.xTaskGenericNotify)
    xTaskGetSchedulerState                   0x08002725   Thumb Code    26  tasks.o(i.xTaskGetSchedulerState)
    xTaskIncrementTick                       0x08002745   Thumb Code   184  tasks.o(i.xTaskIncrementTick)
    xTaskNotifyFromISR                       0x08002805   Thumb Code   170  tasks.o(i.xTaskNotifyFromISR)
    xTaskNotifyWait                          0x080028b9   Thumb Code   144  tasks.o(i.xTaskNotifyWait)
    xTaskPriorityDisinherit                  0x08002951   Thumb Code    96  tasks.o(i.xTaskPriorityDisinherit)
    xTaskRemoveFromEventList                 0x080029b9   Thumb Code    90  tasks.o(i.xTaskRemoveFromEventList)
    xTaskResumeAll                           0x08002a1d   Thumb Code   160  tasks.o(i.xTaskResumeAll)
    AHBPrescTable                            0x08002ae0   Data          16  system_stm32l0xx.o(.constdata)
    PLLMulTable                              0x08002af0   Data           9  system_stm32l0xx.o(.constdata)
    Region$$Table$$Base                      0x08002b18   Number         0  anon$$obj.o(Region$$Table)
    Region$$Table$$Limit                     0x08002b38   Number         0  anon$$obj.o(Region$$Table)
    CNT_TIM_0                                0x20000000   Data           4  stm32l0xx_it.o(.data)
    CNT_TIM_1                                0x20000004   Data           4  stm32l0xx_it.o(.data)
    CNT_TIM_2                                0x20000008   Data           4  stm32l0xx_it.o(.data)
    thread_push_id                           0x20000018   Data           4  thread_push.o(.data)
    mesq_id                                  0x2000001c   Data           4  thread_push.o(.data)
    pxCurrentTCB                             0x2000003c   Data           4  tasks.o(.data)
    SystemCoreClock                          0x20000074   Data           4  system_stm32l0xx.o(.data)
    htim2                                    0x2000007c   Data          56  tim.o(.bss)
    htim3                                    0x200000b4   Data          56  tim.o(.bss)
    htim21                                   0x200000ec   Data          56  tim.o(.bss)
    __initial_sp                             0x20001218   Data           0  startup_stm32l073xx.o(STACK)



==============================================================================

Memory Map of the image

  Image Entry point : 0x080000c1

  Load Region LR_IROM1 (Base: 0x08000000, Size: 0x00002bb4, Max: 0x00030000, ABSOLUTE)

    Execution Region ER_IROM1 (Base: 0x08000000, Size: 0x00002b38, Max: 0x00030000, ABSOLUTE)

    Base Addr    Size         Type   Attr      Idx    E Section Name        Object

    0x08000000   0x000000c0   Data   RO          452    RESET               startup_stm32l073xx.o
    0x080000c0   0x00000000   Code   RO         3552  * .ARM.Collect$$$$00000000  mc_p.l(entry.o)
    0x080000c0   0x00000004   Code   RO         3563    .ARM.Collect$$$$00000001  mc_p.l(entry2.o)
    0x080000c4   0x00000004   Code   RO         3566    .ARM.Collect$$$$00000004  mc_p.l(entry5.o)
    0x080000c8   0x00000000   Code   RO         3568    .ARM.Collect$$$$00000008  mc_p.l(entry7b.o)
    0x080000c8   0x00000000   Code   RO         3570    .ARM.Collect$$$$0000000A  mc_p.l(entry8b.o)
    0x080000c8   0x00000008   Code   RO         3571    .ARM.Collect$$$$0000000B  mc_p.l(entry9a.o)
    0x080000d0   0x00000000   Code   RO         3573    .ARM.Collect$$$$0000000D  mc_p.l(entry10a.o)
    0x080000d0   0x00000000   Code   RO         3575    .ARM.Collect$$$$0000000F  mc_p.l(entry11a.o)
    0x080000d0   0x00000004   Code   RO         3564    .ARM.Collect$$$$00002712  mc_p.l(entry2.o)
    0x080000d4   0x00000070   Code   RO          592    .emb_text           port.o
    0x08000144   0x0000001c   Code   RO          453    .text               startup_stm32l073xx.o
    0x08000160   0x0000002c   Code   RO         3555    .text               mc_p.l(uidiv.o)
    0x0800018c   0x00000024   Code   RO         3557    .text               mc_p.l(memcpya.o)
    0x080001b0   0x00000024   Code   RO         3559    .text               mc_p.l(memseta.o)
    0x080001d4   0x00000024   Code   RO         3577    .text               mc_p.l(init.o)
    0x080001f8   0x00000010   Code   RO          239    i.EXTI0_1_IRQHandler  stm32l0xx_it.o
    0x08000208   0x0000000a   Code   RO          240    i.EXTI2_3_IRQHandler  stm32l0xx_it.o
    0x08000212   0x0000000c   Code   RO          241    i.EXTI4_15_IRQHandler  stm32l0xx_it.o
    0x0800021e   0x00000002   PAD
    0x08000220   0x0000006c   Code   RO          242    i.HAL_GPIO_EXTI_Callback  stm32l0xx_it.o
    0x0800028c   0x00000018   Code   RO         3494    i.HAL_GPIO_EXTI_IRQHandler  stm32l0xx_hal_gpio.o
    0x080002a4   0x00000184   Code   RO         3495    i.HAL_GPIO_Init     stm32l0xx_hal_gpio.o
    0x08000428   0x00000008   Code   RO         3498    i.HAL_GPIO_TogglePin  stm32l0xx_hal_gpio.o
    0x08000430   0x0000000c   Code   RO         3499    i.HAL_GPIO_WritePin  stm32l0xx_hal_gpio.o
    0x0800043c   0x0000000c   Code   RO         3012    i.HAL_GetTick       stm32l0xx_hal.o
    0x08000448   0x00000010   Code   RO         3013    i.HAL_IncTick       stm32l0xx_hal.o
    0x08000458   0x00000020   Code   RO         3014    i.HAL_Init          stm32l0xx_hal.o
    0x08000478   0x00000022   Code   RO         3015    i.HAL_InitTick      stm32l0xx_hal.o
    0x0800049a   0x00000002   PAD
    0x0800049c   0x0000001c   Code   RO          376    i.HAL_MspInit       stm32l0xx_hal_msp.o
    0x080004b8   0x00000014   Code   RO         2779    i.HAL_NVIC_EnableIRQ  stm32l0xx_hal_cortex.o
    0x080004cc   0x00000008   Code   RO         2783    i.HAL_NVIC_SetPriority  stm32l0xx_hal_cortex.o
    0x080004d4   0x0000014c   Code   RO         2567    i.HAL_RCC_ClockConfig  stm32l0xx_hal_rcc.o
    0x08000620   0x00000028   Code   RO         2571    i.HAL_RCC_GetHCLKFreq  stm32l0xx_hal_rcc.o
    0x08000648   0x00000084   Code   RO         2575    i.HAL_RCC_GetSysClockFreq  stm32l0xx_hal_rcc.o
    0x080006cc   0x00000428   Code   RO         2578    i.HAL_RCC_OscConfig  stm32l0xx_hal_rcc.o
    0x08000af4   0x00000018   Code   RO         2785    i.HAL_SYSTICK_CLKSourceConfig  stm32l0xx_hal_cortex.o
    0x08000b0c   0x00000030   Code   RO         2787    i.HAL_SYSTICK_Config  stm32l0xx_hal_cortex.o
    0x08000b3c   0x00000048   Code   RO         1554    i.HAL_TIMEx_MasterConfigSynchronization  stm32l0xx_hal_tim_ex.o
    0x08000b84   0x0000001e   Code   RO         1555    i.HAL_TIMEx_RemapConfig  stm32l0xx_hal_tim_ex.o
    0x08000ba2   0x00000002   Code   RO         1974    i.HAL_TIM_IC_CaptureCallback  stm32l0xx_hal_tim.o
    0x08000ba4   0x00000126   Code   RO         1987    i.HAL_TIM_IRQHandler  stm32l0xx_hal_tim.o
    0x08000cca   0x00000002   PAD
    0x08000ccc   0x00000060   Code   RO          320    i.HAL_TIM_MspPostInit  tim.o
    0x08000d2c   0x00000002   Code   RO         1990    i.HAL_TIM_OC_DelayElapsedCallback  stm32l0xx_hal_tim.o
    0x08000d2e   0x000000d0   Code   RO         2011    i.HAL_TIM_PWM_ConfigChannel  stm32l0xx_hal_tim.o
    0x08000dfe   0x00000034   Code   RO         2014    i.HAL_TIM_PWM_Init  stm32l0xx_hal_tim.o
    0x08000e32   0x00000002   PAD
    0x08000e34   0x0000006c   Code   RO          322    i.HAL_TIM_PWM_MspInit  tim.o
    0x08000ea0   0x000001d4   Code   RO          431    i.HAL_TIM_PWM_PulseFinishedCallback  tim_isr.o
    0x08001074   0x00000048   Code   RO         2020    i.HAL_TIM_PWM_Start_IT  stm32l0xx_hal_tim.o
    0x080010bc   0x00000054   Code   RO         2023    i.HAL_TIM_PWM_Stop_IT  stm32l0xx_hal_tim.o
    0x08001110   0x00000002   Code   RO         2024    i.HAL_TIM_PeriodElapsedCallback  stm32l0xx_hal_tim.o
    0x08001112   0x00000002   Code   RO         2028    i.HAL_TIM_TriggerCallback  stm32l0xx_hal_tim.o
    0x08001114   0x00000002   Code   RO          243    i.HardFault_Handler  stm32l0xx_it.o
    0x08001116   0x00000002   PAD
    0x08001118   0x00000040   Code   RO          119    i.MX_FREERTOS_Init  freertos.o
    0x08001158   0x000000dc   Code   RO            3    i.MX_GPIO_Init      gpio.o
    0x08001234   0x00000064   Code   RO          323    i.MX_TIM21_Init     tim.o
    0x08001298   0x00000060   Code   RO          324    i.MX_TIM2_Init      tim.o
    0x080012f8   0x00000064   Code   RO          325    i.MX_TIM3_Init      tim.o
    0x0800135c   0x00000002   Code   RO          244    i.NMI_Handler       stm32l0xx_it.o
    0x0800135e   0x00000002   PAD
    0x08001360   0x00000044   Code   RO         2789    i.NVIC_SetPriority  stm32l0xx_hal_cortex.o
    0x080013a4   0x00000002   Code   RO          593    i.SVC_Handler       port.o
    0x080013a6   0x0000000c   Code   RO          245    i.SysTick_Handler   stm32l0xx_it.o
    0x080013b2   0x00000002   PAD
    0x080013b4   0x00000078   Code   RO          194    i.SystemClock_Config  main.o
    0x0800142c   0x00000054   Code   RO         1462    i.SystemInit        system_stm32l0xx.o
    0x08001480   0x0000001c   Code   RO          246    i.TIM21_IRQHandler  stm32l0xx_it.o
    0x0800149c   0x0000001c   Code   RO          247    i.TIM2_IRQHandler   stm32l0xx_it.o
    0x080014b8   0x0000001c   Code   RO          248    i.TIM3_IRQHandler   stm32l0xx_it.o
    0x080014d4   0x00000060   Code   RO         2029    i.TIM_Base_SetConfig  stm32l0xx_hal_tim.o
    0x08001534   0x00000016   Code   RO         2030    i.TIM_CCxChannelCmd  stm32l0xx_hal_tim.o
    0x0800154a   0x00000030   Code   RO         2038    i.TIM_OC1_SetConfig  stm32l0xx_hal_tim.o
    0x0800157a   0x00000032   Code   RO         2039    i.TIM_OC2_SetConfig  stm32l0xx_hal_tim.o
    0x080015ac   0x00000036   Code   RO         2040    i.TIM_OC3_SetConfig  stm32l0xx_hal_tim.o
    0x080015e2   0x00000036   Code   RO         2041    i.TIM_OC4_SetConfig  stm32l0xx_hal_tim.o
    0x08001618   0x0000001a   Code   RO          935    i.__ARM_common_switch8  tasks.o
    0x08001632   0x0000000e   Code   RO         3581    i.__scatterload_copy  mc_p.l(handlers.o)
    0x08001640   0x00000002   Code   RO         3582    i.__scatterload_null  mc_p.l(handlers.o)
    0x08001642   0x0000000e   Code   RO         3583    i.__scatterload_zeroinit  mc_p.l(handlers.o)
    0x08001650   0x0000000c   Code   RO         1129    i.inHandlerMode     cmsis_os.o
    0x0800165c   0x00000030   Code   RO          195    i.main              main.o
    0x0800168c   0x0000000c   Code   RO         1131    i.makeFreeRtosPriority  cmsis_os.o
    0x08001698   0x0000000a   Code   RO         1135    i.osKernelStart     cmsis_os.o
    0x080016a2   0x0000000c   Code   RO         1143    i.osMessageCreate   cmsis_os.o
    0x080016ae   0x00000002   PAD
    0x080016b0   0x00000090   Code   RO         1144    i.osMessageGet      cmsis_os.o
    0x08001740   0x00000058   Code   RO         1146    i.osMessagePut      cmsis_os.o
    0x08001798   0x00000050   Code   RO         1162    i.osSignalSet       cmsis_os.o
    0x080017e8   0x0000005e   Code   RO         1163    i.osSignalWait      cmsis_os.o
    0x08001846   0x00000010   Code   RO         1164    i.osSystickHandler  cmsis_os.o
    0x08001856   0x00000038   Code   RO         1165    i.osThreadCreate    cmsis_os.o
    0x0800188e   0x00000002   PAD
    0x08001890   0x00000034   Code   RO          666    i.prvAddCurrentTaskToDelayedList  tasks.o
    0x080018c4   0x00000058   Code   RO          667    i.prvCheckTasksWaitingTermination  tasks.o
    0x0800191c   0x00000026   Code   RO          947    i.prvCopyDataFromQueue  queue.o
    0x08001942   0x00000076   Code   RO          948    i.prvCopyDataToQueue  queue.o
    0x080019b8   0x00000044   Code   RO          457    i.prvHeapInit       heap_4.o
    0x080019fc   0x00000018   Code   RO          668    i.prvIdleTask       tasks.o
    0x08001a14   0x0000004c   Code   RO          458    i.prvInsertBlockIntoFreeList  heap_4.o
    0x08001a60   0x00000020   Code   RO          670    i.prvResetNextTaskUnblockTime  tasks.o
    0x08001a80   0x00000014   Code   RO          594    i.prvTaskExitError  port.o
    0x08001a94   0x0000006a   Code   RO          949    i.prvUnlockQueue    queue.o
    0x08001afe   0x00000002   PAD
    0x08001b00   0x000000b0   Code   RO          459    i.pvPortMalloc      heap_4.o
    0x08001bb0   0x00000018   Code   RO          672    i.pvTaskIncrementMutexHeldCount  tasks.o
    0x08001bc8   0x00000020   Code   RO          595    i.pxPortInitialiseStack  port.o
    0x08001be8   0x000001d4   Code   RO          396    i.thread_push_entry  thread_push.o
    0x08001dbc   0x00000024   Code   RO         1091    i.uxListRemove      list.o
    0x08001de0   0x00000016   Code   RO         1092    i.vListInitialise   list.o
    0x08001df6   0x00000006   Code   RO         1093    i.vListInitialiseItem  list.o
    0x08001dfc   0x00000030   Code   RO         1094    i.vListInsert       list.o
    0x08001e2c   0x00000018   Code   RO         1095    i.vListInsertEnd    list.o
    0x08001e44   0x00000018   Code   RO          597    i.vPortEnterCritical  port.o
    0x08001e5c   0x0000001c   Code   RO          598    i.vPortExitCritical  port.o
    0x08001e78   0x00000044   Code   RO          460    i.vPortFree         heap_4.o
    0x08001ebc   0x00000018   Code   RO          599    i.vPortYield        port.o
    0x08001ed4   0x0000000c   Code   RO          683    i.vTaskMissedYield  tasks.o
    0x08001ee0   0x00000040   Code   RO          685    i.vTaskPlaceOnEventList  tasks.o
    0x08001f20   0x00000064   Code   RO          687    i.vTaskPriorityInherit  tasks.o
    0x08001f84   0x00000018   Code   RO          691    i.vTaskSetTimeOutState  tasks.o
    0x08001f9c   0x00000044   Code   RO          692    i.vTaskStartScheduler  tasks.o
    0x08001fe0   0x00000010   Code   RO          694    i.vTaskSuspendAll   tasks.o
    0x08001ff0   0x00000058   Code   RO          695    i.vTaskSwitchContext  tasks.o
    0x08002048   0x0000004c   Code   RO          600    i.xPortStartScheduler  port.o
    0x08002094   0x00000024   Code   RO          601    i.xPortSysTickHandler  port.o
    0x080020b8   0x0000004c   Code   RO          960    i.xQueueGenericCreate  queue.o
    0x08002104   0x0000013a   Code   RO          961    i.xQueueGenericReceive  queue.o
    0x0800223e   0x0000006a   Code   RO          962    i.xQueueGenericReset  queue.o
    0x080022a8   0x00000116   Code   RO          963    i.xQueueGenericSend  queue.o
    0x080023be   0x00000082   Code   RO          964    i.xQueueGenericSendFromISR  queue.o
    0x08002440   0x00000070   Code   RO          969    i.xQueueReceiveFromISR  queue.o
    0x080024b0   0x00000054   Code   RO          696    i.xTaskCheckForTimeOut  tasks.o
    0x08002504   0x0000017c   Code   RO          697    i.xTaskGenericCreate  tasks.o
    0x08002680   0x000000a4   Code   RO          698    i.xTaskGenericNotify  tasks.o
    0x08002724   0x00000020   Code   RO          700    i.xTaskGetSchedulerState  tasks.o
    0x08002744   0x000000c0   Code   RO          703    i.xTaskIncrementTick  tasks.o
    0x08002804   0x000000b4   Code   RO          704    i.xTaskNotifyFromISR  tasks.o
    0x080028b8   0x00000098   Code   RO          705    i.xTaskNotifyWait   tasks.o
    0x08002950   0x00000068   Code   RO          706    i.xTaskPriorityDisinherit  tasks.o
    0x080029b8   0x00000064   Code   RO          707    i.xTaskRemoveFromEventList  tasks.o
    0x08002a1c   0x000000a8   Code   RO          709    i.xTaskResumeAll    tasks.o
    0x08002ac4   0x0000001c   Data   RO          120    .constdata          freertos.o
    0x08002ae0   0x00000019   Data   RO         1463    .constdata          system_stm32l0xx.o
    0x08002af9   0x00000010   Data   RO         2579    .constdata          stm32l0xx_hal_rcc.o
    0x08002b09   0x00000003   PAD
    0x08002b0c   0x0000000c   Data   RO          121    .conststring        freertos.o
    0x08002b18   0x00000020   Data   RO         3579    Region$$Table       anon$$obj.o


    Execution Region RW_IRAM1 (Base: 0x20000000, Size: 0x00001218, Max: 0x00005000, ABSOLUTE)

    Base Addr    Size         Type   Attr      Idx    E Section Name        Object

    0x20000000   0x00000018   Data   RW          249    .data               stm32l0xx_it.o
    0x20000018   0x00000004   Data   RW          397    .data               thread_push.o
    0x2000001c   0x00000004   Data   RW          398    .data               thread_push.o
    0x20000020   0x00000018   Data   RW          465    .data               heap_4.o
    0x20000038   0x00000004   Data   RW          602    .data               port.o
    0x2000003c   0x00000038   Data   RW          712    .data               tasks.o
    0x20000074   0x00000004   Data   RW         1464    .data               system_stm32l0xx.o
    0x20000078   0x00000004   Data   RW         3026    .data               stm32l0xx_hal.o
    0x2000007c   0x000000a8   Zero   RW          326    .bss                tim.o
    0x20000124   0x00000c00   Zero   RW          464    .bss                heap_4.o
    0x20000d24   0x000000f0   Zero   RW          711    .bss                tasks.o
    0x20000e14   0x00000004   PAD
    0x20000e18   0x00000400   Zero   RW          450    STACK               startup_stm32l073xx.o


==============================================================================

Image component sizes


      Code (inc. data)   RO Data    RW Data    ZI Data      Debug   Object Name

       524         18          0          0          0      13035   cmsis_os.o
        64         12         40          0          0      20491   freertos.o
       220         24          0          0          0     200375   gpio.o
       388         22          0         24       3072       5503   heap_4.o
       136          0          0          0          0       3202   list.o
       168          8          0          0          0       4628   main.o
       354         58          0          4          0       6572   port.o
      1278          0          0          0          0      10460   queue.o
        28          8        192          0       1024        568   startup_stm32l073xx.o
        94         18          0          4          0       2870   stm32l0xx_hal.o
       168         28          0          0          0      11063   stm32l0xx_hal_cortex.o
       432         38          0          0          0       3376   stm32l0xx_hal_gpio.o
        28          4          0          0          0        418   stm32l0xx_hal_msp.o
      1568         80         16          0          0       5294   stm32l0xx_hal_rcc.o
      1042         18          0          0          0      10422   stm32l0xx_hal_tim.o
       102          0          0          0          0       1732   stm32l0xx_hal_tim_ex.o
       246         38          0         24          0       4636   stm32l0xx_it.o
        84         18         25          4          0       1297   system_stm32l0xx.o
      2174        182          0         56        240      20259   tasks.o
       468         20          0          8          0        913   thread_push.o
       500         50          0          0        168       3195   tim.o
       468         60          0          0          0       1264   tim_isr.o

    ----------------------------------------------------------------------
     10554        704        308        124       4508     331573   Object Totals
         0          0         32          0          0          0   (incl. Generated)
        20          0          3          0          4          0   (incl. Padding)

    ----------------------------------------------------------------------

      Code (inc. data)   RO Data    RW Data    ZI Data      Debug   Library Member Name

         0          0          0          0          0          0   entry.o
         0          0          0          0          0          0   entry10a.o
         0          0          0          0          0          0   entry11a.o
         8          4          0          0          0          0   entry2.o
         4          0          0          0          0          0   entry5.o
         0          0          0          0          0          0   entry7b.o
         0          0          0          0          0          0   entry8b.o
         8          4          0          0          0          0   entry9a.o
        30          0          0          0          0          0   handlers.o
        36          8          0          0          0         68   init.o
        36          0          0          0          0         60   memcpya.o
        36          0          0          0          0        100   memseta.o
        44          0          0          0          0         72   uidiv.o

    ----------------------------------------------------------------------
       202         16          0          0          0        300   Library Totals
         0          0          0          0          0          0   (incl. Padding)

    ----------------------------------------------------------------------

      Code (inc. data)   RO Data    RW Data    ZI Data      Debug   Library Name

       202         16          0          0          0        300   mc_p.l

    ----------------------------------------------------------------------
       202         16          0          0          0        300   Library Totals

    ----------------------------------------------------------------------

==============================================================================


      Code (inc. data)   RO Data    RW Data    ZI Data      Debug   

     10756        720        308        124       4508     326957   Grand Totals
     10756        720        308        124       4508     326957   ELF Image Totals
     10756        720        308        124          0          0   ROM Totals

==============================================================================

    Total RO  Size (Code + RO Data)                11064 (  10.80kB)
    Total RW  Size (RW Data + ZI Data)              4632 (   4.52kB)
    Total ROM Size (Code + RO Data + RW Data)      11188 (  10.93kB)

==============================================================================

