<html>
<body>
<pre>
<h1>µVision Build Log</h1>
<h2>Tool Versions:</h2>
IDE-Version: ¦ÌVision V5.16a
Copyright (C) 2015 ARM Ltd and ARM Germany GmbH. All rights reserved.
License Information: hs TcAT, cqjtu, LIC=----
 
Tool Versions:
Toolchain:       MDK-Lite  Version: 5.16a
Toolchain Path:  D:\app\dev_tools\mdk\ARM\ARMCC\Bin
C Compiler:      Armcc.exe V5.06 (build 20)
Assembler:       Armasm.exe V5.06 (build 20)
Linker/Locator:  ArmLink.exe V5.06 (build 20)
Library Manager: ArmAr.exe V5.06 (build 20)
Hex Converter:   FromElf.exe V5.06 (build 20)
CPU DLL:         SARMCM3.DLL V5.16a
Dialog DLL:      DARMCM1.DLL V1.12.0.0
Target DLL:      STLink\ST-LINKIII-KEIL_SWO.dll V2.0.17.0
Dialog DLL:      TARMCM1.DLL V1.9.0.0
 
<h2>Project:</h2>
D:\workspace_root\coin_sort_mach_l0\MDK-ARM\coin_sort_mach_l0.uvprojx
Project File Date:  05/04/2016

<h2>Output:</h2>
*** Using Compiler 'V5.06 (build 20)', folder: 'D:\app\dev_tools\mdk\ARM\ARMCC\Bin'
Build target 'coin_sort_mach_l0'
compiling freertos.c...
compiling tim.c...
compiling stm32l0xx_it.c...
compiling thread_push.c...
compiling tim_isr.c...
linking...
Program Size: Code=10752 RO-data=308 RW-data=124 ZI-data=4508  
"coin_sort_mach_l0\coin_sort_mach_l0.axf" - 0 Error(s), 0 Warning(s).

<h2>Software Packages used:</h2>

Package Vendor: ARM
                http://www.keil.com/pack/ARM.CMSIS.4.3.0.pack
                ARM::CMSIS:CORE:4.1.0
                CMSIS (Cortex Microcontroller Software Interface Standard)
   * Component: CORE Version: 4.1.0

<h2>Collection of Component include folders:</h2>
  D:\workspace_root\coin_sort_mach_l0\MDK-ARM\RTE
  D:\app\dev_tools\mdk\ARM\PACK\ARM\CMSIS\4.3.0\CMSIS\Include
  D:\app\dev_tools\mdk\ARM\PACK\Keil\STM32L0xx_DFP\1.5.0\Device\Include

<h2>Collection of Component Files used:</h2>

   * Component: ARM::CMSIS:CORE:4.1.0
Build Time Elapsed:  00:00:03
</pre>
</body>
</html>
